Info: Starting: Create block symbol file (.bsf)
Info: qsys-generate C:\Users\rfranca\Development\GitHub\SimuCam_Development_Data_Transmission_Router\G3U_HW_V02_2GB\Qsys_Project\MebX_Qsys_Project.qsys --block-symbol-file --output-directory=C:\Users\rfranca\Development\GitHub\SimuCam_Development_Data_Transmission_Router\G3U_HW_V02_2GB\Qsys_Project\MebX_Qsys_Project --family="Stratix IV" --part=EP4SGX230KF40C2
Progress: Loading Qsys_Project/MebX_Qsys_Project.qsys
Progress: Reading input file
Progress: Adding SpaceWire_Channel_A [SpaceWire_Channel 1.5]
Progress: Parameterizing module SpaceWire_Channel_A
Progress: Adding SpaceWire_Channel_B [SpaceWire_Channel 1.5]
Progress: Parameterizing module SpaceWire_Channel_B
Progress: Adding SpaceWire_Channel_C [SpaceWire_Channel 1.5]
Progress: Parameterizing module SpaceWire_Channel_C
Progress: Adding SpaceWire_Channel_D [SpaceWire_Channel 1.5]
Progress: Parameterizing module SpaceWire_Channel_D
Progress: Adding SpaceWire_Channel_E [SpaceWire_Channel 1.5]
Progress: Parameterizing module SpaceWire_Channel_E
Progress: Adding SpaceWire_Channel_F [SpaceWire_Channel 1.5]
Progress: Parameterizing module SpaceWire_Channel_F
Progress: Adding SpaceWire_Channel_G [SpaceWire_Channel 1.5]
Progress: Parameterizing module SpaceWire_Channel_G
Progress: Adding SpaceWire_Channel_H [SpaceWire_Channel 1.5]
Progress: Parameterizing module SpaceWire_Channel_H
Progress: Adding SpaceWire_Router [SpaceWire_Router 1.0]
Progress: Parameterizing module SpaceWire_Router
Progress: Adding altpll_0 [altpll 18.1]
Progress: Parameterizing module altpll_0
Progress: Adding clk_100 [clock_source 18.1]
Progress: Parameterizing module clk_100
Progress: Adding clk_200 [clock_source 18.1]
Progress: Parameterizing module clk_200
Progress: Adding clk_50 [clock_source 18.1]
Progress: Parameterizing module clk_50
Progress: Building connections
Progress: Parameterizing connections
Progress: Validating
Progress: Done reading input file
Info: qsys-generate succeeded.
Info: Finished: Create block symbol file (.bsf)
Info: 
Info: Starting: Create HDL design files for synthesis
Info: qsys-generate C:\Users\rfranca\Development\GitHub\SimuCam_Development_Data_Transmission_Router\G3U_HW_V02_2GB\Qsys_Project\MebX_Qsys_Project.qsys --synthesis=VHDL --output-directory=C:\Users\rfranca\Development\GitHub\SimuCam_Development_Data_Transmission_Router\G3U_HW_V02_2GB\Qsys_Project\MebX_Qsys_Project\synthesis --family="Stratix IV" --part=EP4SGX230KF40C2
Progress: Loading Qsys_Project/MebX_Qsys_Project.qsys
Progress: Reading input file
Progress: Adding SpaceWire_Channel_A [SpaceWire_Channel 1.5]
Progress: Parameterizing module SpaceWire_Channel_A
Progress: Adding SpaceWire_Channel_B [SpaceWire_Channel 1.5]
Progress: Parameterizing module SpaceWire_Channel_B
Progress: Adding SpaceWire_Channel_C [SpaceWire_Channel 1.5]
Progress: Parameterizing module SpaceWire_Channel_C
Progress: Adding SpaceWire_Channel_D [SpaceWire_Channel 1.5]
Progress: Parameterizing module SpaceWire_Channel_D
Progress: Adding SpaceWire_Channel_E [SpaceWire_Channel 1.5]
Progress: Parameterizing module SpaceWire_Channel_E
Progress: Adding SpaceWire_Channel_F [SpaceWire_Channel 1.5]
Progress: Parameterizing module SpaceWire_Channel_F
Progress: Adding SpaceWire_Channel_G [SpaceWire_Channel 1.5]
Progress: Parameterizing module SpaceWire_Channel_G
Progress: Adding SpaceWire_Channel_H [SpaceWire_Channel 1.5]
Progress: Parameterizing module SpaceWire_Channel_H
Progress: Adding SpaceWire_Router [SpaceWire_Router 1.0]
Progress: Parameterizing module SpaceWire_Router
Progress: Adding altpll_0 [altpll 18.1]
Progress: Parameterizing module altpll_0
Progress: Adding clk_100 [clock_source 18.1]
Progress: Parameterizing module clk_100
Progress: Adding clk_200 [clock_source 18.1]
Progress: Parameterizing module clk_200
Progress: Adding clk_50 [clock_source 18.1]
Progress: Parameterizing module clk_50
Progress: Building connections
Progress: Parameterizing connections
Progress: Validating
Progress: Done reading input file
Info: MebX_Qsys_Project: Generating MebX_Qsys_Project "MebX_Qsys_Project" for QUARTUS_SYNTH
Info: SpaceWire_Channel_A: "MebX_Qsys_Project" instantiated SpaceWire_Channel "SpaceWire_Channel_A"
Info: SpaceWire_Router: "MebX_Qsys_Project" instantiated SpaceWire_Router "SpaceWire_Router"
Info: altpll_0: "MebX_Qsys_Project" instantiated altpll "altpll_0"
Info: rst_controller: "MebX_Qsys_Project" instantiated altera_reset_controller "rst_controller"
Info: MebX_Qsys_Project: Done "MebX_Qsys_Project" with 5 modules, 72 files
Info: qsys-generate succeeded.
Info: Finished: Create HDL design files for synthesis
