------------------------------------------------------------
Timing Analyzer Summary
------------------------------------------------------------

Type  : Slow 900mV 85C Model Setup 'SOPC_INST|altpll_0|sd1|pll7|clk[0]'
Slack : -716.073
TNS   : -442498.397

Type  : Slow 900mV 85C Model Setup 'SOPC_INST|altpll_0|sd1|pll7|clk[1]'
Slack : 0.474
TNS   : 0.000

Type  : Slow 900mV 85C Model Hold 'SOPC_INST|altpll_0|sd1|pll7|clk[1]'
Slack : 0.256
TNS   : 0.000

Type  : Slow 900mV 85C Model Hold 'SOPC_INST|altpll_0|sd1|pll7|clk[0]'
Slack : 0.257
TNS   : 0.000

Type  : Slow 900mV 85C Model Recovery 'SOPC_INST|altpll_0|sd1|pll7|clk[0]'
Slack : 0.602
TNS   : 0.000

Type  : Slow 900mV 85C Model Recovery 'SOPC_INST|altpll_0|sd1|pll7|clk[1]'
Slack : 0.628
TNS   : 0.000

Type  : Slow 900mV 85C Model Removal 'SOPC_INST|altpll_0|sd1|pll7|clk[0]'
Slack : 0.407
TNS   : 0.000

Type  : Slow 900mV 85C Model Removal 'SOPC_INST|altpll_0|sd1|pll7|clk[1]'
Slack : 0.444
TNS   : 0.000

Type  : Slow 900mV 85C Model Minimum Pulse Width 'SOPC_INST|altpll_0|sd1|pll7|clk[1]'
Slack : 1.704
TNS   : 0.000

Type  : Slow 900mV 85C Model Minimum Pulse Width 'SOPC_INST|altpll_0|sd1|pll7|clk[0]'
Slack : 4.232
TNS   : 0.000

Type  : Slow 900mV 85C Model Minimum Pulse Width 'osc_bank_4_50mhz'
Slack : 9.740
TNS   : 0.000

Type  : Slow 900mV 0C Model Setup 'SOPC_INST|altpll_0|sd1|pll7|clk[0]'
Slack : -690.230
TNS   : -426504.736

Type  : Slow 900mV 0C Model Setup 'SOPC_INST|altpll_0|sd1|pll7|clk[1]'
Slack : 0.673
TNS   : 0.000

Type  : Slow 900mV 0C Model Hold 'SOPC_INST|altpll_0|sd1|pll7|clk[1]'
Slack : 0.250
TNS   : 0.000

Type  : Slow 900mV 0C Model Hold 'SOPC_INST|altpll_0|sd1|pll7|clk[0]'
Slack : 0.256
TNS   : 0.000

Type  : Slow 900mV 0C Model Recovery 'SOPC_INST|altpll_0|sd1|pll7|clk[0]'
Slack : 0.829
TNS   : 0.000

Type  : Slow 900mV 0C Model Recovery 'SOPC_INST|altpll_0|sd1|pll7|clk[1]'
Slack : 0.858
TNS   : 0.000

Type  : Slow 900mV 0C Model Removal 'SOPC_INST|altpll_0|sd1|pll7|clk[0]'
Slack : 0.388
TNS   : 0.000

Type  : Slow 900mV 0C Model Removal 'SOPC_INST|altpll_0|sd1|pll7|clk[1]'
Slack : 0.432
TNS   : 0.000

Type  : Slow 900mV 0C Model Minimum Pulse Width 'SOPC_INST|altpll_0|sd1|pll7|clk[1]'
Slack : 1.713
TNS   : 0.000

Type  : Slow 900mV 0C Model Minimum Pulse Width 'SOPC_INST|altpll_0|sd1|pll7|clk[0]'
Slack : 4.214
TNS   : 0.000

Type  : Slow 900mV 0C Model Minimum Pulse Width 'osc_bank_4_50mhz'
Slack : 9.745
TNS   : 0.000

Type  : Fast 900mV 0C Model Setup 'SOPC_INST|altpll_0|sd1|pll7|clk[0]'
Slack : -414.388
TNS   : -255432.134

Type  : Fast 900mV 0C Model Setup 'SOPC_INST|altpll_0|sd1|pll7|clk[1]'
Slack : 1.542
TNS   : 0.000

Type  : Fast 900mV 0C Model Hold 'SOPC_INST|altpll_0|sd1|pll7|clk[0]'
Slack : 0.145
TNS   : 0.000

Type  : Fast 900mV 0C Model Hold 'SOPC_INST|altpll_0|sd1|pll7|clk[1]'
Slack : 0.145
TNS   : 0.000

Type  : Fast 900mV 0C Model Recovery 'SOPC_INST|altpll_0|sd1|pll7|clk[0]'
Slack : 2.238
TNS   : 0.000

Type  : Fast 900mV 0C Model Recovery 'SOPC_INST|altpll_0|sd1|pll7|clk[1]'
Slack : 2.253
TNS   : 0.000

Type  : Fast 900mV 0C Model Removal 'SOPC_INST|altpll_0|sd1|pll7|clk[0]'
Slack : 0.256
TNS   : 0.000

Type  : Fast 900mV 0C Model Removal 'SOPC_INST|altpll_0|sd1|pll7|clk[1]'
Slack : 0.257
TNS   : 0.000

Type  : Fast 900mV 0C Model Minimum Pulse Width 'SOPC_INST|altpll_0|sd1|pll7|clk[1]'
Slack : 1.707
TNS   : 0.000

Type  : Fast 900mV 0C Model Minimum Pulse Width 'SOPC_INST|altpll_0|sd1|pll7|clk[0]'
Slack : 4.255
TNS   : 0.000

Type  : Fast 900mV 0C Model Minimum Pulse Width 'osc_bank_4_50mhz'
Slack : 9.878
TNS   : 0.000

------------------------------------------------------------
