------------------------------------------------------------
Timing Analyzer Summary
------------------------------------------------------------

Type  : Slow 900mV 85C Model Setup 'M1_DDR2_clk[0]'
Slack : 0.096
TNS   : 0.000

Type  : Slow 900mV 85C Model Setup 'M2_DDR2_clk[1]'
Slack : 0.111
TNS   : 0.000

Type  : Slow 900mV 85C Model Setup 'M1_DDR2_clk[1]'
Slack : 0.113
TNS   : 0.000

Type  : Slow 900mV 85C Model Setup 'M2_DDR2_clk[0]'
Slack : 0.130
TNS   : 0.000

Type  : Slow 900mV 85C Model Setup 'SOPC_INST|m2_ddr2_memory|pll0|pll_write_clk'
Slack : 0.691
TNS   : 0.000

Type  : Slow 900mV 85C Model Setup 'SOPC_INST|m2_ddr2_memory|pll0|pll_afi_clk'
Slack : 0.708
TNS   : 0.000

Type  : Slow 900mV 85C Model Setup 'umft601a_clk_100mhz'
Slack : 0.733
TNS   : 0.000

Type  : Slow 900mV 85C Model Setup 'SOPC_INST|m1_ddr2_memory|pll0|pll_afi_clk'
Slack : 0.783
TNS   : 0.000

Type  : Slow 900mV 85C Model Setup 'SOPC_INST|m1_ddr2_memory|pll0|pll_addr_cmd_clk'
Slack : 0.858
TNS   : 0.000

Type  : Slow 900mV 85C Model Setup 'SOPC_INST|m2_ddr2_memory|pll0|pll_addr_cmd_clk'
Slack : 0.912
TNS   : 0.000

Type  : Slow 900mV 85C Model Setup 'SOPC_INST|m1_ddr2_memory|pll0|pll_write_clk'
Slack : 1.044
TNS   : 0.000

Type  : Slow 900mV 85C Model Setup 'SOPC_INST|m2_ddr2_memory|MebX_Qsys_Project_m2_ddr2_memory_p0_leveling_clk'
Slack : 1.352
TNS   : 0.000

Type  : Slow 900mV 85C Model Setup 'SOPC_INST|m1_ddr2_memory|MebX_Qsys_Project_m1_ddr2_memory_p0_leveling_clk'
Slack : 1.705
TNS   : 0.000

Type  : Slow 900mV 85C Model Setup 'SOPC_INST|m2_ddr2_memory|pll0|pll_afi_half_clk'
Slack : 2.021
TNS   : 0.000

Type  : Slow 900mV 85C Model Setup 'SOPC_INST|m1_ddr2_memory|pll0|pll_avl_clk'
Slack : 2.123
TNS   : 0.000

Type  : Slow 900mV 85C Model Setup 'SOPC_INST|m2_ddr2_memory|pll0|pll_avl_clk'
Slack : 2.152
TNS   : 0.000

Type  : Slow 900mV 85C Model Setup 'SOPC_INST|m2_ddr2_memory|pll0|pll_config_clk'
Slack : 5.249
TNS   : 0.000

Type  : Slow 900mV 85C Model Setup 'SOPC_INST|m1_ddr2_memory|pll0|pll_afi_half_clk'
Slack : 5.369
TNS   : 0.000

Type  : Slow 900mV 85C Model Setup 'SOPC_INST|m1_ddr2_memory|pll0|pll_config_clk'
Slack : 5.404
TNS   : 0.000

Type  : Slow 900mV 85C Model Setup 'osc_bank_4_50mhz'
Slack : 10.987
TNS   : 0.000

Type  : Slow 900mV 85C Model Setup 'altera_reserved_tck'
Slack : 48.272
TNS   : 0.000

Type  : Slow 900mV 85C Model Hold 'SOPC_INST|m1_ddr2_memory|MebX_Qsys_Project_m1_ddr2_memory_p0_leveling_clk'
Slack : 0.095
TNS   : 0.000

Type  : Slow 900mV 85C Model Hold 'SOPC_INST|m1_ddr2_memory|pll0|pll_afi_clk'
Slack : 0.185
TNS   : 0.000

Type  : Slow 900mV 85C Model Hold 'osc_bank_4_50mhz'
Slack : 0.185
TNS   : 0.000

Type  : Slow 900mV 85C Model Hold 'SOPC_INST|m2_ddr2_memory|pll0|pll_afi_half_clk'
Slack : 0.223
TNS   : 0.000

Type  : Slow 900mV 85C Model Hold 'SOPC_INST|m1_ddr2_memory|pll0|pll_config_clk'
Slack : 0.239
TNS   : 0.000

Type  : Slow 900mV 85C Model Hold 'SOPC_INST|m2_ddr2_memory|pll0|pll_avl_clk'
Slack : 0.242
TNS   : 0.000

Type  : Slow 900mV 85C Model Hold 'SOPC_INST|m2_ddr2_memory|pll0|pll_config_clk'
Slack : 0.247
TNS   : 0.000

Type  : Slow 900mV 85C Model Hold 'SOPC_INST|m2_ddr2_memory|pll0|pll_afi_clk'
Slack : 0.254
TNS   : 0.000

Type  : Slow 900mV 85C Model Hold 'umft601a_clk_100mhz'
Slack : 0.257
TNS   : 0.000

Type  : Slow 900mV 85C Model Hold 'SOPC_INST|m2_ddr2_memory|pll0|pll_addr_cmd_clk'
Slack : 0.264
TNS   : 0.000

Type  : Slow 900mV 85C Model Hold 'altera_reserved_tck'
Slack : 0.264
TNS   : 0.000

Type  : Slow 900mV 85C Model Hold 'SOPC_INST|m1_ddr2_memory|pll0|pll_afi_half_clk'
Slack : 0.265
TNS   : 0.000

Type  : Slow 900mV 85C Model Hold 'SOPC_INST|m1_ddr2_memory|pll0|pll_avl_clk'
Slack : 0.265
TNS   : 0.000

Type  : Slow 900mV 85C Model Hold 'SOPC_INST|m1_ddr2_memory|pll0|pll_addr_cmd_clk'
Slack : 0.270
TNS   : 0.000

Type  : Slow 900mV 85C Model Hold 'SOPC_INST|m2_ddr2_memory|MebX_Qsys_Project_m2_ddr2_memory_p0_leveling_clk'
Slack : 0.415
TNS   : 0.000

Type  : Slow 900mV 85C Model Hold 'M1_DDR2_clk[1]'
Slack : 0.658
TNS   : 0.000

Type  : Slow 900mV 85C Model Hold 'M2_DDR2_clk[0]'
Slack : 0.659
TNS   : 0.000

Type  : Slow 900mV 85C Model Hold 'M1_DDR2_clk[0]'
Slack : 0.677
TNS   : 0.000

Type  : Slow 900mV 85C Model Hold 'M2_DDR2_clk[1]'
Slack : 0.679
TNS   : 0.000

Type  : Slow 900mV 85C Model Hold 'SOPC_INST|m1_ddr2_memory|pll0|pll_write_clk'
Slack : 1.079
TNS   : 0.000

Type  : Slow 900mV 85C Model Hold 'SOPC_INST|m2_ddr2_memory|pll0|pll_write_clk'
Slack : 1.400
TNS   : 0.000

Type  : Slow 900mV 85C Model Recovery 'SOPC_INST|m1_ddr2_memory|pll0|pll_afi_clk'
Slack : 0.998
TNS   : 0.000

Type  : Slow 900mV 85C Model Recovery 'SOPC_INST|m2_ddr2_memory|pll0|pll_afi_half_clk'
Slack : 1.319
TNS   : 0.000

Type  : Slow 900mV 85C Model Recovery 'SOPC_INST|m2_ddr2_memory|pll0|pll_afi_clk'
Slack : 1.326
TNS   : 0.000

Type  : Slow 900mV 85C Model Recovery 'SOPC_INST|m2_ddr2_memory|pll0|pll_addr_cmd_clk'
Slack : 1.878
TNS   : 0.000

Type  : Slow 900mV 85C Model Recovery 'SOPC_INST|m1_ddr2_memory|pll0|pll_addr_cmd_clk'
Slack : 1.949
TNS   : 0.000

Type  : Slow 900mV 85C Model Recovery 'umft601a_clk_100mhz'
Slack : 2.993
TNS   : 0.000

Type  : Slow 900mV 85C Model Recovery 'SOPC_INST|m1_ddr2_memory|pll0|pll_afi_half_clk'
Slack : 4.772
TNS   : 0.000

Type  : Slow 900mV 85C Model Recovery 'SOPC_INST|m2_ddr2_memory|pll0|pll_avl_clk'
Slack : 6.983
TNS   : 0.000

Type  : Slow 900mV 85C Model Recovery 'SOPC_INST|m1_ddr2_memory|pll0|pll_avl_clk'
Slack : 7.012
TNS   : 0.000

Type  : Slow 900mV 85C Model Recovery 'osc_bank_4_50mhz'
Slack : 14.487
TNS   : 0.000

Type  : Slow 900mV 85C Model Recovery 'SOPC_INST|m1_ddr2_memory|pll0|pll_config_clk'
Slack : 17.017
TNS   : 0.000

Type  : Slow 900mV 85C Model Recovery 'SOPC_INST|m2_ddr2_memory|pll0|pll_config_clk'
Slack : 18.082
TNS   : 0.000

Type  : Slow 900mV 85C Model Recovery 'altera_reserved_tck'
Slack : 48.828
TNS   : 0.000

Type  : Slow 900mV 85C Model Removal 'SOPC_INST|m2_ddr2_memory|pll0|pll_afi_half_clk'
Slack : 0.411
TNS   : 0.000

Type  : Slow 900mV 85C Model Removal 'SOPC_INST|m2_ddr2_memory|pll0|pll_afi_clk'
Slack : 0.443
TNS   : 0.000

Type  : Slow 900mV 85C Model Removal 'SOPC_INST|m1_ddr2_memory|pll0|pll_afi_clk'
Slack : 0.450
TNS   : 0.000

Type  : Slow 900mV 85C Model Removal 'umft601a_clk_100mhz'
Slack : 0.483
TNS   : 0.000

Type  : Slow 900mV 85C Model Removal 'altera_reserved_tck'
Slack : 0.495
TNS   : 0.000

Type  : Slow 900mV 85C Model Removal 'SOPC_INST|m1_ddr2_memory|pll0|pll_config_clk'
Slack : 0.596
TNS   : 0.000

Type  : Slow 900mV 85C Model Removal 'SOPC_INST|m1_ddr2_memory|pll0|pll_avl_clk'
Slack : 0.616
TNS   : 0.000

Type  : Slow 900mV 85C Model Removal 'SOPC_INST|m2_ddr2_memory|pll0|pll_addr_cmd_clk'
Slack : 0.638
TNS   : 0.000

Type  : Slow 900mV 85C Model Removal 'SOPC_INST|m1_ddr2_memory|pll0|pll_addr_cmd_clk'
Slack : 0.700
TNS   : 0.000

Type  : Slow 900mV 85C Model Removal 'SOPC_INST|m2_ddr2_memory|pll0|pll_avl_clk'
Slack : 0.757
TNS   : 0.000

Type  : Slow 900mV 85C Model Removal 'SOPC_INST|m2_ddr2_memory|pll0|pll_config_clk'
Slack : 0.829
TNS   : 0.000

Type  : Slow 900mV 85C Model Removal 'SOPC_INST|m1_ddr2_memory|pll0|pll_afi_half_clk'
Slack : 4.292
TNS   : 0.000

Type  : Slow 900mV 85C Model Removal 'osc_bank_4_50mhz'
Slack : 4.692
TNS   : 0.000

Type  : Slow 900mV 85C Model Minimum Pulse Width 'SOPC_INST|m1_ddr2_memory|pll0|pll_write_clk'
Slack : 0.503
TNS   : 0.000

Type  : Slow 900mV 85C Model Minimum Pulse Width 'SOPC_INST|m2_ddr2_memory|pll0|pll_write_clk'
Slack : 0.503
TNS   : 0.000

Type  : Slow 900mV 85C Model Minimum Pulse Width 'SOPC_INST|m2_ddr2_memory|MebX_Qsys_Project_m2_ddr2_memory_p0_leveling_clk'
Slack : 0.639
TNS   : 0.000

Type  : Slow 900mV 85C Model Minimum Pulse Width 'SOPC_INST|m1_ddr2_memory|MebX_Qsys_Project_m1_ddr2_memory_p0_leveling_clk'
Slack : 0.640
TNS   : 0.000

Type  : Slow 900mV 85C Model Minimum Pulse Width 'SOPC_INST|m2_ddr2_memory|pll0|pll_mem_clk'
Slack : 0.658
TNS   : 0.000

Type  : Slow 900mV 85C Model Minimum Pulse Width 'SOPC_INST|m1_ddr2_memory|pll0|pll_mem_clk'
Slack : 0.661
TNS   : 0.000

Type  : Slow 900mV 85C Model Minimum Pulse Width 'SOPC_INST|m1_ddr2_memory|pll0|pll_afi_clk'
Slack : 1.154
TNS   : 0.000

Type  : Slow 900mV 85C Model Minimum Pulse Width 'SOPC_INST|m2_ddr2_memory|pll0|pll_afi_clk'
Slack : 1.696
TNS   : 0.000

Type  : Slow 900mV 85C Model Minimum Pulse Width 'SOPC_INST|m2_ddr2_memory|pll0|pll_addr_cmd_clk'
Slack : 1.903
TNS   : 0.000

Type  : Slow 900mV 85C Model Minimum Pulse Width 'SOPC_INST|m1_ddr2_memory|pll0|pll_addr_cmd_clk'
Slack : 1.905
TNS   : 0.000

Type  : Slow 900mV 85C Model Minimum Pulse Width 'SOPC_INST|m2_ddr2_memory|pll0|pll_afi_half_clk'
Slack : 4.197
TNS   : 0.000

Type  : Slow 900mV 85C Model Minimum Pulse Width 'SOPC_INST|m2_ddr2_memory|pll0|pll_avl_clk'
Slack : 4.208
TNS   : 0.000

Type  : Slow 900mV 85C Model Minimum Pulse Width 'SOPC_INST|m1_ddr2_memory|pll0|pll_afi_half_clk'
Slack : 4.213
TNS   : 0.000

Type  : Slow 900mV 85C Model Minimum Pulse Width 'SOPC_INST|m1_ddr2_memory|pll0|pll_avl_clk'
Slack : 4.236
TNS   : 0.000

Type  : Slow 900mV 85C Model Minimum Pulse Width 'umft601a_clk_100mhz'
Slack : 4.243
TNS   : 0.000

Type  : Slow 900mV 85C Model Minimum Pulse Width 'SOPC_INST|m1_ddr2_memory|pll0|pll_config_clk'
Slack : 6.667
TNS   : 0.000

Type  : Slow 900mV 85C Model Minimum Pulse Width 'SOPC_INST|m2_ddr2_memory|pll0|pll_config_clk'
Slack : 6.667
TNS   : 0.000

Type  : Slow 900mV 85C Model Minimum Pulse Width 'osc_bank_4_50mhz'
Slack : 8.959
TNS   : 0.000

Type  : Slow 900mV 85C Model Minimum Pulse Width 'osc_bank_3_50mhz'
Slack : 9.740
TNS   : 0.000

Type  : Slow 900mV 85C Model Minimum Pulse Width 'altera_reserved_tck'
Slack : 49.387
TNS   : 0.000

Type  : Slow 900mV 0C Model Setup 'M1_DDR2_clk[0]'
Slack : 0.089
TNS   : 0.000

Type  : Slow 900mV 0C Model Setup 'M2_DDR2_clk[1]'
Slack : 0.101
TNS   : 0.000

Type  : Slow 900mV 0C Model Setup 'M1_DDR2_clk[1]'
Slack : 0.105
TNS   : 0.000

Type  : Slow 900mV 0C Model Setup 'M2_DDR2_clk[0]'
Slack : 0.113
TNS   : 0.000

Type  : Slow 900mV 0C Model Setup 'SOPC_INST|m2_ddr2_memory|pll0|pll_write_clk'
Slack : 0.706
TNS   : 0.000

Type  : Slow 900mV 0C Model Setup 'SOPC_INST|m2_ddr2_memory|pll0|pll_afi_clk'
Slack : 0.931
TNS   : 0.000

Type  : Slow 900mV 0C Model Setup 'SOPC_INST|m1_ddr2_memory|pll0|pll_afi_clk'
Slack : 0.990
TNS   : 0.000

Type  : Slow 900mV 0C Model Setup 'SOPC_INST|m1_ddr2_memory|pll0|pll_addr_cmd_clk'
Slack : 1.004
TNS   : 0.000

Type  : Slow 900mV 0C Model Setup 'SOPC_INST|m1_ddr2_memory|pll0|pll_write_clk'
Slack : 1.028
TNS   : 0.000

Type  : Slow 900mV 0C Model Setup 'SOPC_INST|m2_ddr2_memory|pll0|pll_addr_cmd_clk'
Slack : 1.107
TNS   : 0.000

Type  : Slow 900mV 0C Model Setup 'umft601a_clk_100mhz'
Slack : 1.196
TNS   : 0.000

Type  : Slow 900mV 0C Model Setup 'SOPC_INST|m2_ddr2_memory|MebX_Qsys_Project_m2_ddr2_memory_p0_leveling_clk'
Slack : 1.367
TNS   : 0.000

Type  : Slow 900mV 0C Model Setup 'SOPC_INST|m1_ddr2_memory|MebX_Qsys_Project_m1_ddr2_memory_p0_leveling_clk'
Slack : 1.689
TNS   : 0.000

Type  : Slow 900mV 0C Model Setup 'SOPC_INST|m2_ddr2_memory|pll0|pll_avl_clk'
Slack : 2.284
TNS   : 0.000

Type  : Slow 900mV 0C Model Setup 'SOPC_INST|m1_ddr2_memory|pll0|pll_avl_clk'
Slack : 2.286
TNS   : 0.000

Type  : Slow 900mV 0C Model Setup 'SOPC_INST|m2_ddr2_memory|pll0|pll_afi_half_clk'
Slack : 2.343
TNS   : 0.000

Type  : Slow 900mV 0C Model Setup 'SOPC_INST|m2_ddr2_memory|pll0|pll_config_clk'
Slack : 5.477
TNS   : 0.000

Type  : Slow 900mV 0C Model Setup 'SOPC_INST|m1_ddr2_memory|pll0|pll_config_clk'
Slack : 5.595
TNS   : 0.000

Type  : Slow 900mV 0C Model Setup 'SOPC_INST|m1_ddr2_memory|pll0|pll_afi_half_clk'
Slack : 5.624
TNS   : 0.000

Type  : Slow 900mV 0C Model Setup 'osc_bank_4_50mhz'
Slack : 11.459
TNS   : 0.000

Type  : Slow 900mV 0C Model Setup 'altera_reserved_tck'
Slack : 48.281
TNS   : 0.000

Type  : Slow 900mV 0C Model Hold 'SOPC_INST|m1_ddr2_memory|MebX_Qsys_Project_m1_ddr2_memory_p0_leveling_clk'
Slack : 0.142
TNS   : 0.000

Type  : Slow 900mV 0C Model Hold 'SOPC_INST|m1_ddr2_memory|pll0|pll_afi_clk'
Slack : 0.183
TNS   : 0.000

Type  : Slow 900mV 0C Model Hold 'osc_bank_4_50mhz'
Slack : 0.184
TNS   : 0.000

Type  : Slow 900mV 0C Model Hold 'SOPC_INST|m2_ddr2_memory|pll0|pll_afi_half_clk'
Slack : 0.207
TNS   : 0.000

Type  : Slow 900mV 0C Model Hold 'SOPC_INST|m2_ddr2_memory|pll0|pll_avl_clk'
Slack : 0.221
TNS   : 0.000

Type  : Slow 900mV 0C Model Hold 'SOPC_INST|m1_ddr2_memory|pll0|pll_config_clk'
Slack : 0.236
TNS   : 0.000

Type  : Slow 900mV 0C Model Hold 'SOPC_INST|m2_ddr2_memory|pll0|pll_afi_clk'
Slack : 0.238
TNS   : 0.000

Type  : Slow 900mV 0C Model Hold 'SOPC_INST|m2_ddr2_memory|pll0|pll_config_clk'
Slack : 0.242
TNS   : 0.000

Type  : Slow 900mV 0C Model Hold 'umft601a_clk_100mhz'
Slack : 0.245
TNS   : 0.000

Type  : Slow 900mV 0C Model Hold 'SOPC_INST|m2_ddr2_memory|pll0|pll_addr_cmd_clk'
Slack : 0.255
TNS   : 0.000

Type  : Slow 900mV 0C Model Hold 'SOPC_INST|m1_ddr2_memory|pll0|pll_addr_cmd_clk'
Slack : 0.263
TNS   : 0.000

Type  : Slow 900mV 0C Model Hold 'SOPC_INST|m1_ddr2_memory|pll0|pll_avl_clk'
Slack : 0.263
TNS   : 0.000

Type  : Slow 900mV 0C Model Hold 'SOPC_INST|m1_ddr2_memory|pll0|pll_afi_half_clk'
Slack : 0.264
TNS   : 0.000

Type  : Slow 900mV 0C Model Hold 'altera_reserved_tck'
Slack : 0.264
TNS   : 0.000

Type  : Slow 900mV 0C Model Hold 'SOPC_INST|m2_ddr2_memory|MebX_Qsys_Project_m2_ddr2_memory_p0_leveling_clk'
Slack : 0.436
TNS   : 0.000

Type  : Slow 900mV 0C Model Hold 'M1_DDR2_clk[1]'
Slack : 0.709
TNS   : 0.000

Type  : Slow 900mV 0C Model Hold 'M2_DDR2_clk[0]'
Slack : 0.714
TNS   : 0.000

Type  : Slow 900mV 0C Model Hold 'M1_DDR2_clk[0]'
Slack : 0.725
TNS   : 0.000

Type  : Slow 900mV 0C Model Hold 'M2_DDR2_clk[1]'
Slack : 0.727
TNS   : 0.000

Type  : Slow 900mV 0C Model Hold 'SOPC_INST|m1_ddr2_memory|pll0|pll_write_clk'
Slack : 1.119
TNS   : 0.000

Type  : Slow 900mV 0C Model Hold 'SOPC_INST|m2_ddr2_memory|pll0|pll_write_clk'
Slack : 1.412
TNS   : 0.000

Type  : Slow 900mV 0C Model Recovery 'SOPC_INST|m1_ddr2_memory|pll0|pll_afi_clk'
Slack : 1.347
TNS   : 0.000

Type  : Slow 900mV 0C Model Recovery 'SOPC_INST|m2_ddr2_memory|pll0|pll_afi_half_clk'
Slack : 1.500
TNS   : 0.000

Type  : Slow 900mV 0C Model Recovery 'SOPC_INST|m2_ddr2_memory|pll0|pll_afi_clk'
Slack : 1.510
TNS   : 0.000

Type  : Slow 900mV 0C Model Recovery 'SOPC_INST|m2_ddr2_memory|pll0|pll_addr_cmd_clk'
Slack : 1.970
TNS   : 0.000

Type  : Slow 900mV 0C Model Recovery 'SOPC_INST|m1_ddr2_memory|pll0|pll_addr_cmd_clk'
Slack : 2.086
TNS   : 0.000

Type  : Slow 900mV 0C Model Recovery 'umft601a_clk_100mhz'
Slack : 3.330
TNS   : 0.000

Type  : Slow 900mV 0C Model Recovery 'SOPC_INST|m1_ddr2_memory|pll0|pll_afi_half_clk'
Slack : 5.025
TNS   : 0.000

Type  : Slow 900mV 0C Model Recovery 'SOPC_INST|m2_ddr2_memory|pll0|pll_avl_clk'
Slack : 7.208
TNS   : 0.000

Type  : Slow 900mV 0C Model Recovery 'SOPC_INST|m1_ddr2_memory|pll0|pll_avl_clk'
Slack : 7.232
TNS   : 0.000

Type  : Slow 900mV 0C Model Recovery 'osc_bank_4_50mhz'
Slack : 14.747
TNS   : 0.000

Type  : Slow 900mV 0C Model Recovery 'SOPC_INST|m1_ddr2_memory|pll0|pll_config_clk'
Slack : 17.236
TNS   : 0.000

Type  : Slow 900mV 0C Model Recovery 'SOPC_INST|m2_ddr2_memory|pll0|pll_config_clk'
Slack : 18.185
TNS   : 0.000

Type  : Slow 900mV 0C Model Recovery 'altera_reserved_tck'
Slack : 48.824
TNS   : 0.000

Type  : Slow 900mV 0C Model Removal 'SOPC_INST|m2_ddr2_memory|pll0|pll_afi_half_clk'
Slack : 0.390
TNS   : 0.000

Type  : Slow 900mV 0C Model Removal 'SOPC_INST|m2_ddr2_memory|pll0|pll_afi_clk'
Slack : 0.431
TNS   : 0.000

Type  : Slow 900mV 0C Model Removal 'SOPC_INST|m1_ddr2_memory|pll0|pll_afi_clk'
Slack : 0.433
TNS   : 0.000

Type  : Slow 900mV 0C Model Removal 'umft601a_clk_100mhz'
Slack : 0.465
TNS   : 0.000

Type  : Slow 900mV 0C Model Removal 'altera_reserved_tck'
Slack : 0.477
TNS   : 0.000

Type  : Slow 900mV 0C Model Removal 'SOPC_INST|m1_ddr2_memory|pll0|pll_config_clk'
Slack : 0.573
TNS   : 0.000

Type  : Slow 900mV 0C Model Removal 'SOPC_INST|m1_ddr2_memory|pll0|pll_avl_clk'
Slack : 0.587
TNS   : 0.000

Type  : Slow 900mV 0C Model Removal 'SOPC_INST|m2_ddr2_memory|pll0|pll_addr_cmd_clk'
Slack : 0.625
TNS   : 0.000

Type  : Slow 900mV 0C Model Removal 'SOPC_INST|m1_ddr2_memory|pll0|pll_addr_cmd_clk'
Slack : 0.678
TNS   : 0.000

Type  : Slow 900mV 0C Model Removal 'SOPC_INST|m2_ddr2_memory|pll0|pll_avl_clk'
Slack : 0.729
TNS   : 0.000

Type  : Slow 900mV 0C Model Removal 'SOPC_INST|m2_ddr2_memory|pll0|pll_config_clk'
Slack : 0.787
TNS   : 0.000

Type  : Slow 900mV 0C Model Removal 'SOPC_INST|m1_ddr2_memory|pll0|pll_afi_half_clk'
Slack : 4.036
TNS   : 0.000

Type  : Slow 900mV 0C Model Removal 'osc_bank_4_50mhz'
Slack : 4.432
TNS   : 0.000

Type  : Slow 900mV 0C Model Minimum Pulse Width 'SOPC_INST|m1_ddr2_memory|pll0|pll_write_clk'
Slack : 0.510
TNS   : 0.000

Type  : Slow 900mV 0C Model Minimum Pulse Width 'SOPC_INST|m2_ddr2_memory|pll0|pll_write_clk'
Slack : 0.510
TNS   : 0.000

Type  : Slow 900mV 0C Model Minimum Pulse Width 'SOPC_INST|m2_ddr2_memory|MebX_Qsys_Project_m2_ddr2_memory_p0_leveling_clk'
Slack : 0.661
TNS   : 0.000

Type  : Slow 900mV 0C Model Minimum Pulse Width 'SOPC_INST|m1_ddr2_memory|MebX_Qsys_Project_m1_ddr2_memory_p0_leveling_clk'
Slack : 0.662
TNS   : 0.000

Type  : Slow 900mV 0C Model Minimum Pulse Width 'SOPC_INST|m2_ddr2_memory|pll0|pll_mem_clk'
Slack : 0.679
TNS   : 0.000

Type  : Slow 900mV 0C Model Minimum Pulse Width 'SOPC_INST|m1_ddr2_memory|pll0|pll_mem_clk'
Slack : 0.680
TNS   : 0.000

Type  : Slow 900mV 0C Model Minimum Pulse Width 'SOPC_INST|m1_ddr2_memory|pll0|pll_afi_clk'
Slack : 1.154
TNS   : 0.000

Type  : Slow 900mV 0C Model Minimum Pulse Width 'SOPC_INST|m2_ddr2_memory|pll0|pll_afi_clk'
Slack : 1.713
TNS   : 0.000

Type  : Slow 900mV 0C Model Minimum Pulse Width 'SOPC_INST|m1_ddr2_memory|pll0|pll_addr_cmd_clk'
Slack : 1.923
TNS   : 0.000

Type  : Slow 900mV 0C Model Minimum Pulse Width 'SOPC_INST|m2_ddr2_memory|pll0|pll_addr_cmd_clk'
Slack : 1.923
TNS   : 0.000

Type  : Slow 900mV 0C Model Minimum Pulse Width 'SOPC_INST|m2_ddr2_memory|pll0|pll_afi_half_clk'
Slack : 4.213
TNS   : 0.000

Type  : Slow 900mV 0C Model Minimum Pulse Width 'SOPC_INST|m1_ddr2_memory|pll0|pll_avl_clk'
Slack : 4.222
TNS   : 0.000

Type  : Slow 900mV 0C Model Minimum Pulse Width 'SOPC_INST|m2_ddr2_memory|pll0|pll_avl_clk'
Slack : 4.223
TNS   : 0.000

Type  : Slow 900mV 0C Model Minimum Pulse Width 'SOPC_INST|m1_ddr2_memory|pll0|pll_afi_half_clk'
Slack : 4.228
TNS   : 0.000

Type  : Slow 900mV 0C Model Minimum Pulse Width 'umft601a_clk_100mhz'
Slack : 4.240
TNS   : 0.000

Type  : Slow 900mV 0C Model Minimum Pulse Width 'SOPC_INST|m1_ddr2_memory|pll0|pll_config_clk'
Slack : 6.667
TNS   : 0.000

Type  : Slow 900mV 0C Model Minimum Pulse Width 'SOPC_INST|m2_ddr2_memory|pll0|pll_config_clk'
Slack : 6.667
TNS   : 0.000

Type  : Slow 900mV 0C Model Minimum Pulse Width 'osc_bank_4_50mhz'
Slack : 8.964
TNS   : 0.000

Type  : Slow 900mV 0C Model Minimum Pulse Width 'osc_bank_3_50mhz'
Slack : 9.746
TNS   : 0.000

Type  : Slow 900mV 0C Model Minimum Pulse Width 'altera_reserved_tck'
Slack : 49.429
TNS   : 0.000

Type  : Fast 900mV 0C Model Setup 'M1_DDR2_clk[0]'
Slack : 0.065
TNS   : 0.000

Type  : Fast 900mV 0C Model Setup 'M1_DDR2_clk[1]'
Slack : 0.066
TNS   : 0.000

Type  : Fast 900mV 0C Model Setup 'M2_DDR2_clk[1]'
Slack : 0.075
TNS   : 0.000

Type  : Fast 900mV 0C Model Setup 'M2_DDR2_clk[0]'
Slack : 0.076
TNS   : 0.000

Type  : Fast 900mV 0C Model Setup 'SOPC_INST|m2_ddr2_memory|pll0|pll_write_clk'
Slack : 0.686
TNS   : 0.000

Type  : Fast 900mV 0C Model Setup 'SOPC_INST|m1_ddr2_memory|pll0|pll_write_clk'
Slack : 0.904
TNS   : 0.000

Type  : Fast 900mV 0C Model Setup 'SOPC_INST|m2_ddr2_memory|MebX_Qsys_Project_m2_ddr2_memory_p0_leveling_clk'
Slack : 1.333
TNS   : 0.000

Type  : Fast 900mV 0C Model Setup 'SOPC_INST|m1_ddr2_memory|pll0|pll_afi_clk'
Slack : 1.541
TNS   : 0.000

Type  : Fast 900mV 0C Model Setup 'SOPC_INST|m1_ddr2_memory|MebX_Qsys_Project_m1_ddr2_memory_p0_leveling_clk'
Slack : 1.551
TNS   : 0.000

Type  : Fast 900mV 0C Model Setup 'SOPC_INST|m2_ddr2_memory|pll0|pll_afi_clk'
Slack : 1.667
TNS   : 0.000

Type  : Fast 900mV 0C Model Setup 'SOPC_INST|m1_ddr2_memory|pll0|pll_addr_cmd_clk'
Slack : 1.898
TNS   : 0.000

Type  : Fast 900mV 0C Model Setup 'SOPC_INST|m2_ddr2_memory|pll0|pll_addr_cmd_clk'
Slack : 1.961
TNS   : 0.000

Type  : Fast 900mV 0C Model Setup 'umft601a_clk_100mhz'
Slack : 2.928
TNS   : 0.000

Type  : Fast 900mV 0C Model Setup 'SOPC_INST|m1_ddr2_memory|pll0|pll_avl_clk'
Slack : 3.209
TNS   : 0.000

Type  : Fast 900mV 0C Model Setup 'SOPC_INST|m2_ddr2_memory|pll0|pll_avl_clk'
Slack : 3.287
TNS   : 0.000

Type  : Fast 900mV 0C Model Setup 'SOPC_INST|m2_ddr2_memory|pll0|pll_afi_half_clk'
Slack : 4.315
TNS   : 0.000

Type  : Fast 900mV 0C Model Setup 'SOPC_INST|m1_ddr2_memory|pll0|pll_afi_half_clk'
Slack : 7.002
TNS   : 0.000

Type  : Fast 900mV 0C Model Setup 'SOPC_INST|m2_ddr2_memory|pll0|pll_config_clk'
Slack : 7.116
TNS   : 0.000

Type  : Fast 900mV 0C Model Setup 'SOPC_INST|m1_ddr2_memory|pll0|pll_config_clk'
Slack : 7.238
TNS   : 0.000

Type  : Fast 900mV 0C Model Setup 'osc_bank_4_50mhz'
Slack : 14.385
TNS   : 0.000

Type  : Fast 900mV 0C Model Setup 'altera_reserved_tck'
Slack : 49.324
TNS   : 0.000

Type  : Fast 900mV 0C Model Hold 'SOPC_INST|m1_ddr2_memory|pll0|pll_afi_clk'
Slack : 0.102
TNS   : 0.000

Type  : Fast 900mV 0C Model Hold 'osc_bank_4_50mhz'
Slack : 0.102
TNS   : 0.000

Type  : Fast 900mV 0C Model Hold 'SOPC_INST|m1_ddr2_memory|pll0|pll_config_clk'
Slack : 0.118
TNS   : 0.000

Type  : Fast 900mV 0C Model Hold 'SOPC_INST|m2_ddr2_memory|pll0|pll_config_clk'
Slack : 0.129
TNS   : 0.000

Type  : Fast 900mV 0C Model Hold 'SOPC_INST|m2_ddr2_memory|pll0|pll_afi_half_clk'
Slack : 0.137
TNS   : 0.000

Type  : Fast 900mV 0C Model Hold 'SOPC_INST|m2_ddr2_memory|pll0|pll_avl_clk'
Slack : 0.140
TNS   : 0.000

Type  : Fast 900mV 0C Model Hold 'SOPC_INST|m2_ddr2_memory|pll0|pll_afi_clk'
Slack : 0.141
TNS   : 0.000

Type  : Fast 900mV 0C Model Hold 'SOPC_INST|m2_ddr2_memory|pll0|pll_addr_cmd_clk'
Slack : 0.145
TNS   : 0.000

Type  : Fast 900mV 0C Model Hold 'SOPC_INST|m1_ddr2_memory|pll0|pll_addr_cmd_clk'
Slack : 0.149
TNS   : 0.000

Type  : Fast 900mV 0C Model Hold 'umft601a_clk_100mhz'
Slack : 0.150
TNS   : 0.000

Type  : Fast 900mV 0C Model Hold 'SOPC_INST|m1_ddr2_memory|pll0|pll_afi_half_clk'
Slack : 0.152
TNS   : 0.000

Type  : Fast 900mV 0C Model Hold 'SOPC_INST|m1_ddr2_memory|pll0|pll_avl_clk'
Slack : 0.152
TNS   : 0.000

Type  : Fast 900mV 0C Model Hold 'altera_reserved_tck'
Slack : 0.153
TNS   : 0.000

Type  : Fast 900mV 0C Model Hold 'SOPC_INST|m1_ddr2_memory|MebX_Qsys_Project_m1_ddr2_memory_p0_leveling_clk'
Slack : 0.496
TNS   : 0.000

Type  : Fast 900mV 0C Model Hold 'SOPC_INST|m2_ddr2_memory|MebX_Qsys_Project_m2_ddr2_memory_p0_leveling_clk'
Slack : 0.694
TNS   : 0.000

Type  : Fast 900mV 0C Model Hold 'M1_DDR2_clk[1]'
Slack : 0.866
TNS   : 0.000

Type  : Fast 900mV 0C Model Hold 'M1_DDR2_clk[0]'
Slack : 0.869
TNS   : 0.000

Type  : Fast 900mV 0C Model Hold 'M2_DDR2_clk[0]'
Slack : 0.871
TNS   : 0.000

Type  : Fast 900mV 0C Model Hold 'M2_DDR2_clk[1]'
Slack : 0.873
TNS   : 0.000

Type  : Fast 900mV 0C Model Hold 'SOPC_INST|m1_ddr2_memory|pll0|pll_write_clk'
Slack : 1.343
TNS   : 0.000

Type  : Fast 900mV 0C Model Hold 'SOPC_INST|m2_ddr2_memory|pll0|pll_write_clk'
Slack : 1.541
TNS   : 0.000

Type  : Fast 900mV 0C Model Recovery 'SOPC_INST|m1_ddr2_memory|pll0|pll_afi_clk'
Slack : 2.416
TNS   : 0.000

Type  : Fast 900mV 0C Model Recovery 'SOPC_INST|m2_ddr2_memory|pll0|pll_addr_cmd_clk'
Slack : 2.478
TNS   : 0.000

Type  : Fast 900mV 0C Model Recovery 'SOPC_INST|m1_ddr2_memory|pll0|pll_addr_cmd_clk'
Slack : 2.546
TNS   : 0.000

Type  : Fast 900mV 0C Model Recovery 'SOPC_INST|m2_ddr2_memory|pll0|pll_afi_clk'
Slack : 2.711
TNS   : 0.000

Type  : Fast 900mV 0C Model Recovery 'SOPC_INST|m2_ddr2_memory|pll0|pll_afi_half_clk'
Slack : 2.713
TNS   : 0.000

Type  : Fast 900mV 0C Model Recovery 'umft601a_clk_100mhz'
Slack : 5.488
TNS   : 0.000

Type  : Fast 900mV 0C Model Recovery 'SOPC_INST|m1_ddr2_memory|pll0|pll_afi_half_clk'
Slack : 6.643
TNS   : 0.000

Type  : Fast 900mV 0C Model Recovery 'SOPC_INST|m1_ddr2_memory|pll0|pll_avl_clk'
Slack : 7.990
TNS   : 0.000

Type  : Fast 900mV 0C Model Recovery 'SOPC_INST|m2_ddr2_memory|pll0|pll_avl_clk'
Slack : 8.060
TNS   : 0.000

Type  : Fast 900mV 0C Model Recovery 'osc_bank_4_50mhz'
Slack : 16.436
TNS   : 0.000

Type  : Fast 900mV 0C Model Recovery 'SOPC_INST|m1_ddr2_memory|pll0|pll_config_clk'
Slack : 17.994
TNS   : 0.000

Type  : Fast 900mV 0C Model Recovery 'SOPC_INST|m2_ddr2_memory|pll0|pll_config_clk'
Slack : 18.709
TNS   : 0.000

Type  : Fast 900mV 0C Model Recovery 'altera_reserved_tck'
Slack : 49.601
TNS   : 0.000

Type  : Fast 900mV 0C Model Removal 'SOPC_INST|m2_ddr2_memory|pll0|pll_afi_clk'
Slack : 0.257
TNS   : 0.000

Type  : Fast 900mV 0C Model Removal 'SOPC_INST|m2_ddr2_memory|pll0|pll_afi_half_clk'
Slack : 0.257
TNS   : 0.000

Type  : Fast 900mV 0C Model Removal 'SOPC_INST|m1_ddr2_memory|pll0|pll_afi_clk'
Slack : 0.261
TNS   : 0.000

Type  : Fast 900mV 0C Model Removal 'umft601a_clk_100mhz'
Slack : 0.278
TNS   : 0.000

Type  : Fast 900mV 0C Model Removal 'altera_reserved_tck'
Slack : 0.288
TNS   : 0.000

Type  : Fast 900mV 0C Model Removal 'SOPC_INST|m2_ddr2_memory|pll0|pll_addr_cmd_clk'
Slack : 0.346
TNS   : 0.000

Type  : Fast 900mV 0C Model Removal 'SOPC_INST|m1_ddr2_memory|pll0|pll_config_clk'
Slack : 0.351
TNS   : 0.000

Type  : Fast 900mV 0C Model Removal 'SOPC_INST|m1_ddr2_memory|pll0|pll_avl_clk'
Slack : 0.365
TNS   : 0.000

Type  : Fast 900mV 0C Model Removal 'SOPC_INST|m1_ddr2_memory|pll0|pll_addr_cmd_clk'
Slack : 0.396
TNS   : 0.000

Type  : Fast 900mV 0C Model Removal 'SOPC_INST|m2_ddr2_memory|pll0|pll_avl_clk'
Slack : 0.462
TNS   : 0.000

Type  : Fast 900mV 0C Model Removal 'SOPC_INST|m2_ddr2_memory|pll0|pll_config_clk'
Slack : 0.506
TNS   : 0.000

Type  : Fast 900mV 0C Model Removal 'SOPC_INST|m1_ddr2_memory|pll0|pll_afi_half_clk'
Slack : 2.833
TNS   : 0.000

Type  : Fast 900mV 0C Model Removal 'osc_bank_4_50mhz'
Slack : 3.021
TNS   : 0.000

Type  : Fast 900mV 0C Model Minimum Pulse Width 'SOPC_INST|m1_ddr2_memory|pll0|pll_write_clk'
Slack : 0.505
TNS   : 0.000

Type  : Fast 900mV 0C Model Minimum Pulse Width 'SOPC_INST|m2_ddr2_memory|pll0|pll_write_clk'
Slack : 0.505
TNS   : 0.000

Type  : Fast 900mV 0C Model Minimum Pulse Width 'SOPC_INST|m2_ddr2_memory|MebX_Qsys_Project_m2_ddr2_memory_p0_leveling_clk'
Slack : 0.702
TNS   : 0.000

Type  : Fast 900mV 0C Model Minimum Pulse Width 'SOPC_INST|m1_ddr2_memory|MebX_Qsys_Project_m1_ddr2_memory_p0_leveling_clk'
Slack : 0.704
TNS   : 0.000

Type  : Fast 900mV 0C Model Minimum Pulse Width 'SOPC_INST|m2_ddr2_memory|pll0|pll_mem_clk'
Slack : 0.835
TNS   : 0.000

Type  : Fast 900mV 0C Model Minimum Pulse Width 'SOPC_INST|m1_ddr2_memory|pll0|pll_mem_clk'
Slack : 0.836
TNS   : 0.000

Type  : Fast 900mV 0C Model Minimum Pulse Width 'SOPC_INST|m1_ddr2_memory|pll0|pll_afi_clk'
Slack : 1.154
TNS   : 0.000

Type  : Fast 900mV 0C Model Minimum Pulse Width 'SOPC_INST|m2_ddr2_memory|pll0|pll_afi_clk'
Slack : 1.702
TNS   : 0.000

Type  : Fast 900mV 0C Model Minimum Pulse Width 'SOPC_INST|m1_ddr2_memory|pll0|pll_addr_cmd_clk'
Slack : 2.081
TNS   : 0.000

Type  : Fast 900mV 0C Model Minimum Pulse Width 'SOPC_INST|m2_ddr2_memory|pll0|pll_addr_cmd_clk'
Slack : 2.081
TNS   : 0.000

Type  : Fast 900mV 0C Model Minimum Pulse Width 'umft601a_clk_100mhz'
Slack : 4.193
TNS   : 0.000

Type  : Fast 900mV 0C Model Minimum Pulse Width 'SOPC_INST|m2_ddr2_memory|pll0|pll_afi_half_clk'
Slack : 4.201
TNS   : 0.000

Type  : Fast 900mV 0C Model Minimum Pulse Width 'SOPC_INST|m2_ddr2_memory|pll0|pll_avl_clk'
Slack : 4.209
TNS   : 0.000

Type  : Fast 900mV 0C Model Minimum Pulse Width 'SOPC_INST|m1_ddr2_memory|pll0|pll_afi_half_clk'
Slack : 4.211
TNS   : 0.000

Type  : Fast 900mV 0C Model Minimum Pulse Width 'SOPC_INST|m1_ddr2_memory|pll0|pll_avl_clk'
Slack : 4.257
TNS   : 0.000

Type  : Fast 900mV 0C Model Minimum Pulse Width 'SOPC_INST|m1_ddr2_memory|pll0|pll_config_clk'
Slack : 6.667
TNS   : 0.000

Type  : Fast 900mV 0C Model Minimum Pulse Width 'SOPC_INST|m2_ddr2_memory|pll0|pll_config_clk'
Slack : 6.667
TNS   : 0.000

Type  : Fast 900mV 0C Model Minimum Pulse Width 'osc_bank_4_50mhz'
Slack : 9.102
TNS   : 0.000

Type  : Fast 900mV 0C Model Minimum Pulse Width 'osc_bank_3_50mhz'
Slack : 9.878
TNS   : 0.000

Type  : Fast 900mV 0C Model Minimum Pulse Width 'altera_reserved_tck'
Slack : 49.292
TNS   : 0.000

------------------------------------------------------------
Info: see the "DDR report" for DDR timing results
------------------------------------------------------------
------------------------------------------------------------
