------------------------------------------------------------
Timing Analyzer Summary
------------------------------------------------------------

Type  : Slow 900mV 85C Model Setup 'M2_DDR2_clk[1]'
Slack : 0.178
TNS   : 0.000

Type  : Slow 900mV 85C Model Setup 'M1_DDR2_clk[0]'
Slack : 0.193
TNS   : 0.000

Type  : Slow 900mV 85C Model Setup 'M1_DDR2_clk[1]'
Slack : 0.196
TNS   : 0.000

Type  : Slow 900mV 85C Model Setup 'M2_DDR2_clk[0]'
Slack : 0.200
TNS   : 0.000

Type  : Slow 900mV 85C Model Setup 'SOPC_INST|m1_ddr2_memory|pll0|pll_afi_clk'
Slack : 0.332
TNS   : 0.000

Type  : Slow 900mV 85C Model Setup 'SOPC_INST|m2_ddr2_memory|pll0|pll_afi_clk'
Slack : 0.335
TNS   : 0.000

Type  : Slow 900mV 85C Model Setup 'SOPC_INST|m2_ddr2_memory|pll0|pll_write_clk'
Slack : 0.701
TNS   : 0.000

Type  : Slow 900mV 85C Model Setup 'SOPC_INST|m2_ddr2_memory|pll0|pll_addr_cmd_clk'
Slack : 0.728
TNS   : 0.000

Type  : Slow 900mV 85C Model Setup 'SOPC_INST|m1_ddr2_memory|pll0|pll_addr_cmd_clk'
Slack : 0.820
TNS   : 0.000

Type  : Slow 900mV 85C Model Setup 'SOPC_INST|m1_ddr2_memory|pll0|pll_write_clk'
Slack : 1.100
TNS   : 0.000

Type  : Slow 900mV 85C Model Setup 'SOPC_INST|m2_ddr2_memory|pll0|pll_afi_half_clk'
Slack : 1.208
TNS   : 0.000

Type  : Slow 900mV 85C Model Setup 'SOPC_INST|m2_ddr2_memory|MebX_Qsys_Project_m2_ddr2_memory_p0_leveling_clk'
Slack : 1.364
TNS   : 0.000

Type  : Slow 900mV 85C Model Setup 'SOPC_INST|m2_ddr2_memory|pll0|pll_avl_clk'
Slack : 1.682
TNS   : 0.000

Type  : Slow 900mV 85C Model Setup 'SOPC_INST|m1_ddr2_memory|MebX_Qsys_Project_m1_ddr2_memory_p0_leveling_clk'
Slack : 1.763
TNS   : 0.000

Type  : Slow 900mV 85C Model Setup 'SOPC_INST|m1_ddr2_memory|pll0|pll_avl_clk'
Slack : 2.021
TNS   : 0.000

Type  : Slow 900mV 85C Model Setup 'SOPC_INST|m2_ddr2_memory|pll0|pll_config_clk'
Slack : 4.982
TNS   : 0.000

Type  : Slow 900mV 85C Model Setup 'SOPC_INST|m1_ddr2_memory|pll0|pll_config_clk'
Slack : 5.053
TNS   : 0.000

Type  : Slow 900mV 85C Model Setup 'SOPC_INST|m1_ddr2_memory|pll0|pll_afi_half_clk'
Slack : 5.364
TNS   : 0.000

Type  : Slow 900mV 85C Model Setup 'OSC_50_BANK4'
Slack : 8.998
TNS   : 0.000

Type  : Slow 900mV 85C Model Setup 'altera_reserved_tck'
Slack : 47.803
TNS   : 0.000

Type  : Slow 900mV 85C Model Hold 'SOPC_INST|m1_ddr2_memory|MebX_Qsys_Project_m1_ddr2_memory_p0_leveling_clk'
Slack : -0.028
TNS   : -0.866

Type  : Slow 900mV 85C Model Hold 'OSC_50_BANK4'
Slack : 0.190
TNS   : 0.000

Type  : Slow 900mV 85C Model Hold 'SOPC_INST|m2_ddr2_memory|pll0|pll_afi_half_clk'
Slack : 0.215
TNS   : 0.000

Type  : Slow 900mV 85C Model Hold 'SOPC_INST|m2_ddr2_memory|pll0|pll_afi_clk'
Slack : 0.223
TNS   : 0.000

Type  : Slow 900mV 85C Model Hold 'SOPC_INST|m1_ddr2_memory|pll0|pll_config_clk'
Slack : 0.251
TNS   : 0.000

Type  : Slow 900mV 85C Model Hold 'SOPC_INST|m1_ddr2_memory|pll0|pll_afi_clk'
Slack : 0.274
TNS   : 0.000

Type  : Slow 900mV 85C Model Hold 'SOPC_INST|m1_ddr2_memory|pll0|pll_afi_half_clk'
Slack : 0.277
TNS   : 0.000

Type  : Slow 900mV 85C Model Hold 'SOPC_INST|m1_ddr2_memory|pll0|pll_avl_clk'
Slack : 0.279
TNS   : 0.000

Type  : Slow 900mV 85C Model Hold 'SOPC_INST|m1_ddr2_memory|pll0|pll_addr_cmd_clk'
Slack : 0.284
TNS   : 0.000

Type  : Slow 900mV 85C Model Hold 'SOPC_INST|m2_ddr2_memory|pll0|pll_addr_cmd_clk'
Slack : 0.284
TNS   : 0.000

Type  : Slow 900mV 85C Model Hold 'SOPC_INST|m2_ddr2_memory|pll0|pll_config_clk'
Slack : 0.284
TNS   : 0.000

Type  : Slow 900mV 85C Model Hold 'SOPC_INST|m2_ddr2_memory|pll0|pll_avl_clk'
Slack : 0.287
TNS   : 0.000

Type  : Slow 900mV 85C Model Hold 'altera_reserved_tck'
Slack : 0.325
TNS   : 0.000

Type  : Slow 900mV 85C Model Hold 'SOPC_INST|m2_ddr2_memory|MebX_Qsys_Project_m2_ddr2_memory_p0_leveling_clk'
Slack : 0.364
TNS   : 0.000

Type  : Slow 900mV 85C Model Hold 'M2_DDR2_clk[0]'
Slack : 0.574
TNS   : 0.000

Type  : Slow 900mV 85C Model Hold 'M1_DDR2_clk[1]'
Slack : 0.591
TNS   : 0.000

Type  : Slow 900mV 85C Model Hold 'M1_DDR2_clk[0]'
Slack : 0.594
TNS   : 0.000

Type  : Slow 900mV 85C Model Hold 'M2_DDR2_clk[1]'
Slack : 0.598
TNS   : 0.000

Type  : Slow 900mV 85C Model Hold 'SOPC_INST|m1_ddr2_memory|pll0|pll_write_clk'
Slack : 0.977
TNS   : 0.000

Type  : Slow 900mV 85C Model Hold 'SOPC_INST|m2_ddr2_memory|pll0|pll_write_clk'
Slack : 1.359
TNS   : 0.000

Type  : Slow 900mV 85C Model Recovery 'SOPC_INST|m1_ddr2_memory|pll0|pll_afi_clk'
Slack : 0.710
TNS   : 0.000

Type  : Slow 900mV 85C Model Recovery 'SOPC_INST|m1_ddr2_memory|pll0|pll_addr_cmd_clk'
Slack : 0.976
TNS   : 0.000

Type  : Slow 900mV 85C Model Recovery 'SOPC_INST|m2_ddr2_memory|pll0|pll_afi_clk'
Slack : 1.017
TNS   : 0.000

Type  : Slow 900mV 85C Model Recovery 'SOPC_INST|m2_ddr2_memory|pll0|pll_addr_cmd_clk'
Slack : 1.140
TNS   : 0.000

Type  : Slow 900mV 85C Model Recovery 'SOPC_INST|m2_ddr2_memory|pll0|pll_afi_half_clk'
Slack : 3.097
TNS   : 0.000

Type  : Slow 900mV 85C Model Recovery 'SOPC_INST|m1_ddr2_memory|pll0|pll_avl_clk'
Slack : 6.843
TNS   : 0.000

Type  : Slow 900mV 85C Model Recovery 'SOPC_INST|m2_ddr2_memory|pll0|pll_avl_clk'
Slack : 6.913
TNS   : 0.000

Type  : Slow 900mV 85C Model Recovery 'SOPC_INST|m1_ddr2_memory|pll0|pll_afi_half_clk'
Slack : 7.346
TNS   : 0.000

Type  : Slow 900mV 85C Model Recovery 'OSC_50_BANK4'
Slack : 12.475
TNS   : 0.000

Type  : Slow 900mV 85C Model Recovery 'SOPC_INST|m2_ddr2_memory|pll0|pll_config_clk'
Slack : 16.500
TNS   : 0.000

Type  : Slow 900mV 85C Model Recovery 'SOPC_INST|m1_ddr2_memory|pll0|pll_config_clk'
Slack : 17.350
TNS   : 0.000

Type  : Slow 900mV 85C Model Recovery 'altera_reserved_tck'
Slack : 48.515
TNS   : 0.000

Type  : Slow 900mV 85C Model Removal 'SOPC_INST|m2_ddr2_memory|pll0|pll_afi_half_clk'
Slack : 0.455
TNS   : 0.000

Type  : Slow 900mV 85C Model Removal 'SOPC_INST|m2_ddr2_memory|pll0|pll_afi_clk'
Slack : 0.465
TNS   : 0.000

Type  : Slow 900mV 85C Model Removal 'SOPC_INST|m1_ddr2_memory|pll0|pll_afi_half_clk'
Slack : 0.525
TNS   : 0.000

Type  : Slow 900mV 85C Model Removal 'SOPC_INST|m1_ddr2_memory|pll0|pll_afi_clk'
Slack : 0.609
TNS   : 0.000

Type  : Slow 900mV 85C Model Removal 'SOPC_INST|m2_ddr2_memory|pll0|pll_avl_clk'
Slack : 0.650
TNS   : 0.000

Type  : Slow 900mV 85C Model Removal 'SOPC_INST|m2_ddr2_memory|pll0|pll_config_clk'
Slack : 0.655
TNS   : 0.000

Type  : Slow 900mV 85C Model Removal 'altera_reserved_tck'
Slack : 0.663
TNS   : 0.000

Type  : Slow 900mV 85C Model Removal 'OSC_50_BANK4'
Slack : 0.669
TNS   : 0.000

Type  : Slow 900mV 85C Model Removal 'SOPC_INST|m1_ddr2_memory|pll0|pll_avl_clk'
Slack : 0.727
TNS   : 0.000

Type  : Slow 900mV 85C Model Removal 'SOPC_INST|m1_ddr2_memory|pll0|pll_config_clk'
Slack : 0.784
TNS   : 0.000

Type  : Slow 900mV 85C Model Removal 'SOPC_INST|m1_ddr2_memory|pll0|pll_addr_cmd_clk'
Slack : 1.032
TNS   : 0.000

Type  : Slow 900mV 85C Model Removal 'SOPC_INST|m2_ddr2_memory|pll0|pll_addr_cmd_clk'
Slack : 1.990
TNS   : 0.000

Type  : Slow 900mV 85C Model Minimum Pulse Width 'SOPC_INST|m1_ddr2_memory|pll0|pll_write_clk'
Slack : 0.467
TNS   : 0.000

Type  : Slow 900mV 85C Model Minimum Pulse Width 'SOPC_INST|m2_ddr2_memory|pll0|pll_write_clk'
Slack : 0.467
TNS   : 0.000

Type  : Slow 900mV 85C Model Minimum Pulse Width 'SOPC_INST|m2_ddr2_memory|MebX_Qsys_Project_m2_ddr2_memory_p0_leveling_clk'
Slack : 0.612
TNS   : 0.000

Type  : Slow 900mV 85C Model Minimum Pulse Width 'SOPC_INST|m1_ddr2_memory|MebX_Qsys_Project_m1_ddr2_memory_p0_leveling_clk'
Slack : 0.613
TNS   : 0.000

Type  : Slow 900mV 85C Model Minimum Pulse Width 'SOPC_INST|m2_ddr2_memory|pll0|pll_mem_clk'
Slack : 0.633
TNS   : 0.000

Type  : Slow 900mV 85C Model Minimum Pulse Width 'SOPC_INST|m1_ddr2_memory|pll0|pll_mem_clk'
Slack : 0.635
TNS   : 0.000

Type  : Slow 900mV 85C Model Minimum Pulse Width 'SOPC_INST|m1_ddr2_memory|pll0|pll_afi_clk'
Slack : 1.712
TNS   : 0.000

Type  : Slow 900mV 85C Model Minimum Pulse Width 'SOPC_INST|m2_ddr2_memory|pll0|pll_afi_clk'
Slack : 1.714
TNS   : 0.000

Type  : Slow 900mV 85C Model Minimum Pulse Width 'SOPC_INST|m1_ddr2_memory|pll0|pll_addr_cmd_clk'
Slack : 1.881
TNS   : 0.000

Type  : Slow 900mV 85C Model Minimum Pulse Width 'SOPC_INST|m2_ddr2_memory|pll0|pll_addr_cmd_clk'
Slack : 1.882
TNS   : 0.000

Type  : Slow 900mV 85C Model Minimum Pulse Width 'SOPC_INST|m2_ddr2_memory|pll0|pll_afi_half_clk'
Slack : 4.206
TNS   : 0.000

Type  : Slow 900mV 85C Model Minimum Pulse Width 'SOPC_INST|m1_ddr2_memory|pll0|pll_afi_half_clk'
Slack : 4.212
TNS   : 0.000

Type  : Slow 900mV 85C Model Minimum Pulse Width 'SOPC_INST|m1_ddr2_memory|pll0|pll_avl_clk'
Slack : 4.229
TNS   : 0.000

Type  : Slow 900mV 85C Model Minimum Pulse Width 'SOPC_INST|m2_ddr2_memory|pll0|pll_avl_clk'
Slack : 4.238
TNS   : 0.000

Type  : Slow 900mV 85C Model Minimum Pulse Width 'SOPC_INST|m1_ddr2_memory|pll0|pll_config_clk'
Slack : 6.667
TNS   : 0.000

Type  : Slow 900mV 85C Model Minimum Pulse Width 'SOPC_INST|m2_ddr2_memory|pll0|pll_config_clk'
Slack : 6.667
TNS   : 0.000

Type  : Slow 900mV 85C Model Minimum Pulse Width 'OSC_50_BANK4'
Slack : 8.964
TNS   : 0.000

Type  : Slow 900mV 85C Model Minimum Pulse Width 'OSC_50_BANK3'
Slack : 9.742
TNS   : 0.000

Type  : Slow 900mV 85C Model Minimum Pulse Width 'altera_reserved_tck'
Slack : 49.326
TNS   : 0.000

Type  : Slow 900mV 0C Model Setup 'M2_DDR2_clk[1]'
Slack : 0.159
TNS   : 0.000

Type  : Slow 900mV 0C Model Setup 'M2_DDR2_clk[0]'
Slack : 0.170
TNS   : 0.000

Type  : Slow 900mV 0C Model Setup 'M1_DDR2_clk[0]'
Slack : 0.180
TNS   : 0.000

Type  : Slow 900mV 0C Model Setup 'M1_DDR2_clk[1]'
Slack : 0.181
TNS   : 0.000

Type  : Slow 900mV 0C Model Setup 'SOPC_INST|m1_ddr2_memory|pll0|pll_afi_clk'
Slack : 0.542
TNS   : 0.000

Type  : Slow 900mV 0C Model Setup 'SOPC_INST|m2_ddr2_memory|pll0|pll_afi_clk'
Slack : 0.568
TNS   : 0.000

Type  : Slow 900mV 0C Model Setup 'SOPC_INST|m2_ddr2_memory|pll0|pll_write_clk'
Slack : 0.712
TNS   : 0.000

Type  : Slow 900mV 0C Model Setup 'SOPC_INST|m2_ddr2_memory|pll0|pll_addr_cmd_clk'
Slack : 0.912
TNS   : 0.000

Type  : Slow 900mV 0C Model Setup 'SOPC_INST|m1_ddr2_memory|pll0|pll_addr_cmd_clk'
Slack : 0.916
TNS   : 0.000

Type  : Slow 900mV 0C Model Setup 'SOPC_INST|m1_ddr2_memory|pll0|pll_write_clk'
Slack : 1.077
TNS   : 0.000

Type  : Slow 900mV 0C Model Setup 'SOPC_INST|m2_ddr2_memory|MebX_Qsys_Project_m2_ddr2_memory_p0_leveling_clk'
Slack : 1.374
TNS   : 0.000

Type  : Slow 900mV 0C Model Setup 'SOPC_INST|m2_ddr2_memory|pll0|pll_afi_half_clk'
Slack : 1.592
TNS   : 0.000

Type  : Slow 900mV 0C Model Setup 'SOPC_INST|m1_ddr2_memory|MebX_Qsys_Project_m1_ddr2_memory_p0_leveling_clk'
Slack : 1.738
TNS   : 0.000

Type  : Slow 900mV 0C Model Setup 'SOPC_INST|m2_ddr2_memory|pll0|pll_avl_clk'
Slack : 1.858
TNS   : 0.000

Type  : Slow 900mV 0C Model Setup 'SOPC_INST|m1_ddr2_memory|pll0|pll_avl_clk'
Slack : 2.165
TNS   : 0.000

Type  : Slow 900mV 0C Model Setup 'SOPC_INST|m2_ddr2_memory|pll0|pll_config_clk'
Slack : 5.262
TNS   : 0.000

Type  : Slow 900mV 0C Model Setup 'SOPC_INST|m1_ddr2_memory|pll0|pll_config_clk'
Slack : 5.299
TNS   : 0.000

Type  : Slow 900mV 0C Model Setup 'SOPC_INST|m1_ddr2_memory|pll0|pll_afi_half_clk'
Slack : 5.590
TNS   : 0.000

Type  : Slow 900mV 0C Model Setup 'OSC_50_BANK4'
Slack : 9.567
TNS   : 0.000

Type  : Slow 900mV 0C Model Setup 'altera_reserved_tck'
Slack : 47.845
TNS   : 0.000

Type  : Slow 900mV 0C Model Hold 'SOPC_INST|m1_ddr2_memory|MebX_Qsys_Project_m1_ddr2_memory_p0_leveling_clk'
Slack : 0.032
TNS   : 0.000

Type  : Slow 900mV 0C Model Hold 'OSC_50_BANK4'
Slack : 0.191
TNS   : 0.000

Type  : Slow 900mV 0C Model Hold 'SOPC_INST|m2_ddr2_memory|pll0|pll_afi_half_clk'
Slack : 0.216
TNS   : 0.000

Type  : Slow 900mV 0C Model Hold 'SOPC_INST|m2_ddr2_memory|pll0|pll_afi_clk'
Slack : 0.219
TNS   : 0.000

Type  : Slow 900mV 0C Model Hold 'SOPC_INST|m1_ddr2_memory|pll0|pll_config_clk'
Slack : 0.249
TNS   : 0.000

Type  : Slow 900mV 0C Model Hold 'SOPC_INST|m1_ddr2_memory|pll0|pll_afi_clk'
Slack : 0.270
TNS   : 0.000

Type  : Slow 900mV 0C Model Hold 'SOPC_INST|m1_ddr2_memory|pll0|pll_afi_half_clk'
Slack : 0.274
TNS   : 0.000

Type  : Slow 900mV 0C Model Hold 'SOPC_INST|m1_ddr2_memory|pll0|pll_avl_clk'
Slack : 0.274
TNS   : 0.000

Type  : Slow 900mV 0C Model Hold 'SOPC_INST|m1_ddr2_memory|pll0|pll_addr_cmd_clk'
Slack : 0.276
TNS   : 0.000

Type  : Slow 900mV 0C Model Hold 'SOPC_INST|m2_ddr2_memory|pll0|pll_addr_cmd_clk'
Slack : 0.277
TNS   : 0.000

Type  : Slow 900mV 0C Model Hold 'SOPC_INST|m2_ddr2_memory|pll0|pll_config_clk'
Slack : 0.277
TNS   : 0.000

Type  : Slow 900mV 0C Model Hold 'SOPC_INST|m2_ddr2_memory|pll0|pll_avl_clk'
Slack : 0.278
TNS   : 0.000

Type  : Slow 900mV 0C Model Hold 'altera_reserved_tck'
Slack : 0.319
TNS   : 0.000

Type  : Slow 900mV 0C Model Hold 'SOPC_INST|m2_ddr2_memory|MebX_Qsys_Project_m2_ddr2_memory_p0_leveling_clk'
Slack : 0.390
TNS   : 0.000

Type  : Slow 900mV 0C Model Hold 'M2_DDR2_clk[0]'
Slack : 0.646
TNS   : 0.000

Type  : Slow 900mV 0C Model Hold 'M1_DDR2_clk[1]'
Slack : 0.647
TNS   : 0.000

Type  : Slow 900mV 0C Model Hold 'M1_DDR2_clk[0]'
Slack : 0.648
TNS   : 0.000

Type  : Slow 900mV 0C Model Hold 'M2_DDR2_clk[1]'
Slack : 0.660
TNS   : 0.000

Type  : Slow 900mV 0C Model Hold 'SOPC_INST|m1_ddr2_memory|pll0|pll_write_clk'
Slack : 1.028
TNS   : 0.000

Type  : Slow 900mV 0C Model Hold 'SOPC_INST|m2_ddr2_memory|pll0|pll_write_clk'
Slack : 1.377
TNS   : 0.000

Type  : Slow 900mV 0C Model Recovery 'SOPC_INST|m1_ddr2_memory|pll0|pll_afi_clk'
Slack : 1.000
TNS   : 0.000

Type  : Slow 900mV 0C Model Recovery 'SOPC_INST|m1_ddr2_memory|pll0|pll_addr_cmd_clk'
Slack : 1.164
TNS   : 0.000

Type  : Slow 900mV 0C Model Recovery 'SOPC_INST|m2_ddr2_memory|pll0|pll_afi_clk'
Slack : 1.237
TNS   : 0.000

Type  : Slow 900mV 0C Model Recovery 'SOPC_INST|m2_ddr2_memory|pll0|pll_addr_cmd_clk'
Slack : 1.239
TNS   : 0.000

Type  : Slow 900mV 0C Model Recovery 'SOPC_INST|m2_ddr2_memory|pll0|pll_afi_half_clk'
Slack : 3.538
TNS   : 0.000

Type  : Slow 900mV 0C Model Recovery 'SOPC_INST|m1_ddr2_memory|pll0|pll_avl_clk'
Slack : 7.057
TNS   : 0.000

Type  : Slow 900mV 0C Model Recovery 'SOPC_INST|m2_ddr2_memory|pll0|pll_avl_clk'
Slack : 7.086
TNS   : 0.000

Type  : Slow 900mV 0C Model Recovery 'SOPC_INST|m1_ddr2_memory|pll0|pll_afi_half_clk'
Slack : 7.496
TNS   : 0.000

Type  : Slow 900mV 0C Model Recovery 'OSC_50_BANK4'
Slack : 12.865
TNS   : 0.000

Type  : Slow 900mV 0C Model Recovery 'SOPC_INST|m2_ddr2_memory|pll0|pll_config_clk'
Slack : 16.676
TNS   : 0.000

Type  : Slow 900mV 0C Model Recovery 'SOPC_INST|m1_ddr2_memory|pll0|pll_config_clk'
Slack : 17.525
TNS   : 0.000

Type  : Slow 900mV 0C Model Recovery 'altera_reserved_tck'
Slack : 48.543
TNS   : 0.000

Type  : Slow 900mV 0C Model Removal 'SOPC_INST|m2_ddr2_memory|pll0|pll_afi_half_clk'
Slack : 0.430
TNS   : 0.000

Type  : Slow 900mV 0C Model Removal 'SOPC_INST|m2_ddr2_memory|pll0|pll_afi_clk'
Slack : 0.449
TNS   : 0.000

Type  : Slow 900mV 0C Model Removal 'SOPC_INST|m1_ddr2_memory|pll0|pll_afi_half_clk'
Slack : 0.505
TNS   : 0.000

Type  : Slow 900mV 0C Model Removal 'SOPC_INST|m1_ddr2_memory|pll0|pll_afi_clk'
Slack : 0.577
TNS   : 0.000

Type  : Slow 900mV 0C Model Removal 'SOPC_INST|m2_ddr2_memory|pll0|pll_avl_clk'
Slack : 0.617
TNS   : 0.000

Type  : Slow 900mV 0C Model Removal 'SOPC_INST|m2_ddr2_memory|pll0|pll_config_clk'
Slack : 0.625
TNS   : 0.000

Type  : Slow 900mV 0C Model Removal 'altera_reserved_tck'
Slack : 0.637
TNS   : 0.000

Type  : Slow 900mV 0C Model Removal 'OSC_50_BANK4'
Slack : 0.655
TNS   : 0.000

Type  : Slow 900mV 0C Model Removal 'SOPC_INST|m1_ddr2_memory|pll0|pll_avl_clk'
Slack : 0.702
TNS   : 0.000

Type  : Slow 900mV 0C Model Removal 'SOPC_INST|m1_ddr2_memory|pll0|pll_config_clk'
Slack : 0.737
TNS   : 0.000

Type  : Slow 900mV 0C Model Removal 'SOPC_INST|m1_ddr2_memory|pll0|pll_addr_cmd_clk'
Slack : 0.992
TNS   : 0.000

Type  : Slow 900mV 0C Model Removal 'SOPC_INST|m2_ddr2_memory|pll0|pll_addr_cmd_clk'
Slack : 1.898
TNS   : 0.000

Type  : Slow 900mV 0C Model Minimum Pulse Width 'SOPC_INST|m1_ddr2_memory|pll0|pll_write_clk'
Slack : 0.473
TNS   : 0.000

Type  : Slow 900mV 0C Model Minimum Pulse Width 'SOPC_INST|m2_ddr2_memory|pll0|pll_write_clk'
Slack : 0.473
TNS   : 0.000

Type  : Slow 900mV 0C Model Minimum Pulse Width 'SOPC_INST|m2_ddr2_memory|MebX_Qsys_Project_m2_ddr2_memory_p0_leveling_clk'
Slack : 0.637
TNS   : 0.000

Type  : Slow 900mV 0C Model Minimum Pulse Width 'SOPC_INST|m1_ddr2_memory|MebX_Qsys_Project_m1_ddr2_memory_p0_leveling_clk'
Slack : 0.638
TNS   : 0.000

Type  : Slow 900mV 0C Model Minimum Pulse Width 'SOPC_INST|m1_ddr2_memory|pll0|pll_mem_clk'
Slack : 0.647
TNS   : 0.000

Type  : Slow 900mV 0C Model Minimum Pulse Width 'SOPC_INST|m2_ddr2_memory|pll0|pll_mem_clk'
Slack : 0.651
TNS   : 0.000

Type  : Slow 900mV 0C Model Minimum Pulse Width 'SOPC_INST|m2_ddr2_memory|pll0|pll_afi_clk'
Slack : 1.703
TNS   : 0.000

Type  : Slow 900mV 0C Model Minimum Pulse Width 'SOPC_INST|m1_ddr2_memory|pll0|pll_afi_clk'
Slack : 1.712
TNS   : 0.000

Type  : Slow 900mV 0C Model Minimum Pulse Width 'SOPC_INST|m1_ddr2_memory|pll0|pll_addr_cmd_clk'
Slack : 1.897
TNS   : 0.000

Type  : Slow 900mV 0C Model Minimum Pulse Width 'SOPC_INST|m2_ddr2_memory|pll0|pll_addr_cmd_clk'
Slack : 1.897
TNS   : 0.000

Type  : Slow 900mV 0C Model Minimum Pulse Width 'SOPC_INST|m2_ddr2_memory|pll0|pll_afi_half_clk'
Slack : 4.209
TNS   : 0.000

Type  : Slow 900mV 0C Model Minimum Pulse Width 'SOPC_INST|m1_ddr2_memory|pll0|pll_avl_clk'
Slack : 4.211
TNS   : 0.000

Type  : Slow 900mV 0C Model Minimum Pulse Width 'SOPC_INST|m2_ddr2_memory|pll0|pll_avl_clk'
Slack : 4.221
TNS   : 0.000

Type  : Slow 900mV 0C Model Minimum Pulse Width 'SOPC_INST|m1_ddr2_memory|pll0|pll_afi_half_clk'
Slack : 4.226
TNS   : 0.000

Type  : Slow 900mV 0C Model Minimum Pulse Width 'SOPC_INST|m1_ddr2_memory|pll0|pll_config_clk'
Slack : 6.667
TNS   : 0.000

Type  : Slow 900mV 0C Model Minimum Pulse Width 'SOPC_INST|m2_ddr2_memory|pll0|pll_config_clk'
Slack : 6.667
TNS   : 0.000

Type  : Slow 900mV 0C Model Minimum Pulse Width 'OSC_50_BANK4'
Slack : 8.972
TNS   : 0.000

Type  : Slow 900mV 0C Model Minimum Pulse Width 'OSC_50_BANK3'
Slack : 9.746
TNS   : 0.000

Type  : Slow 900mV 0C Model Minimum Pulse Width 'altera_reserved_tck'
Slack : 49.381
TNS   : 0.000

Type  : Fast 900mV 0C Model Setup 'M2_DDR2_clk[0]'
Slack : 0.128
TNS   : 0.000

Type  : Fast 900mV 0C Model Setup 'M2_DDR2_clk[1]'
Slack : 0.130
TNS   : 0.000

Type  : Fast 900mV 0C Model Setup 'M1_DDR2_clk[0]'
Slack : 0.135
TNS   : 0.000

Type  : Fast 900mV 0C Model Setup 'M1_DDR2_clk[1]'
Slack : 0.137
TNS   : 0.000

Type  : Fast 900mV 0C Model Setup 'SOPC_INST|m2_ddr2_memory|pll0|pll_write_clk'
Slack : 0.687
TNS   : 0.000

Type  : Fast 900mV 0C Model Setup 'SOPC_INST|m1_ddr2_memory|pll0|pll_write_clk'
Slack : 0.933
TNS   : 0.000

Type  : Fast 900mV 0C Model Setup 'SOPC_INST|m2_ddr2_memory|MebX_Qsys_Project_m2_ddr2_memory_p0_leveling_clk'
Slack : 1.334
TNS   : 0.000

Type  : Fast 900mV 0C Model Setup 'SOPC_INST|m2_ddr2_memory|pll0|pll_afi_clk'
Slack : 1.520
TNS   : 0.000

Type  : Fast 900mV 0C Model Setup 'SOPC_INST|m1_ddr2_memory|pll0|pll_afi_clk'
Slack : 1.532
TNS   : 0.000

Type  : Fast 900mV 0C Model Setup 'SOPC_INST|m1_ddr2_memory|MebX_Qsys_Project_m1_ddr2_memory_p0_leveling_clk'
Slack : 1.580
TNS   : 0.000

Type  : Fast 900mV 0C Model Setup 'SOPC_INST|m2_ddr2_memory|pll0|pll_addr_cmd_clk'
Slack : 2.025
TNS   : 0.000

Type  : Fast 900mV 0C Model Setup 'SOPC_INST|m1_ddr2_memory|pll0|pll_addr_cmd_clk'
Slack : 2.134
TNS   : 0.000

Type  : Fast 900mV 0C Model Setup 'SOPC_INST|m2_ddr2_memory|pll0|pll_afi_half_clk'
Slack : 2.927
TNS   : 0.000

Type  : Fast 900mV 0C Model Setup 'SOPC_INST|m2_ddr2_memory|pll0|pll_avl_clk'
Slack : 3.120
TNS   : 0.000

Type  : Fast 900mV 0C Model Setup 'SOPC_INST|m1_ddr2_memory|pll0|pll_avl_clk'
Slack : 3.366
TNS   : 0.000

Type  : Fast 900mV 0C Model Setup 'SOPC_INST|m2_ddr2_memory|pll0|pll_config_clk'
Slack : 7.248
TNS   : 0.000

Type  : Fast 900mV 0C Model Setup 'SOPC_INST|m1_ddr2_memory|pll0|pll_config_clk'
Slack : 7.311
TNS   : 0.000

Type  : Fast 900mV 0C Model Setup 'SOPC_INST|m1_ddr2_memory|pll0|pll_afi_half_clk'
Slack : 7.429
TNS   : 0.000

Type  : Fast 900mV 0C Model Setup 'OSC_50_BANK4'
Slack : 13.830
TNS   : 0.000

Type  : Fast 900mV 0C Model Setup 'altera_reserved_tck'
Slack : 49.148
TNS   : 0.000

Type  : Fast 900mV 0C Model Hold 'SOPC_INST|m2_ddr2_memory|pll0|pll_afi_half_clk'
Slack : 0.089
TNS   : 0.000

Type  : Fast 900mV 0C Model Hold 'OSC_50_BANK4'
Slack : 0.100
TNS   : 0.000

Type  : Fast 900mV 0C Model Hold 'SOPC_INST|m2_ddr2_memory|pll0|pll_afi_clk'
Slack : 0.138
TNS   : 0.000

Type  : Fast 900mV 0C Model Hold 'SOPC_INST|m1_ddr2_memory|pll0|pll_afi_clk'
Slack : 0.144
TNS   : 0.000

Type  : Fast 900mV 0C Model Hold 'SOPC_INST|m1_ddr2_memory|pll0|pll_config_clk'
Slack : 0.145
TNS   : 0.000

Type  : Fast 900mV 0C Model Hold 'SOPC_INST|m1_ddr2_memory|pll0|pll_afi_half_clk'
Slack : 0.146
TNS   : 0.000

Type  : Fast 900mV 0C Model Hold 'SOPC_INST|m1_ddr2_memory|pll0|pll_avl_clk'
Slack : 0.146
TNS   : 0.000

Type  : Fast 900mV 0C Model Hold 'SOPC_INST|m2_ddr2_memory|pll0|pll_config_clk'
Slack : 0.146
TNS   : 0.000

Type  : Fast 900mV 0C Model Hold 'SOPC_INST|m1_ddr2_memory|pll0|pll_addr_cmd_clk'
Slack : 0.149
TNS   : 0.000

Type  : Fast 900mV 0C Model Hold 'SOPC_INST|m2_ddr2_memory|pll0|pll_addr_cmd_clk'
Slack : 0.150
TNS   : 0.000

Type  : Fast 900mV 0C Model Hold 'SOPC_INST|m2_ddr2_memory|pll0|pll_avl_clk'
Slack : 0.150
TNS   : 0.000

Type  : Fast 900mV 0C Model Hold 'altera_reserved_tck'
Slack : 0.166
TNS   : 0.000

Type  : Fast 900mV 0C Model Hold 'SOPC_INST|m1_ddr2_memory|MebX_Qsys_Project_m1_ddr2_memory_p0_leveling_clk'
Slack : 0.440
TNS   : 0.000

Type  : Fast 900mV 0C Model Hold 'SOPC_INST|m2_ddr2_memory|MebX_Qsys_Project_m2_ddr2_memory_p0_leveling_clk'
Slack : 0.686
TNS   : 0.000

Type  : Fast 900mV 0C Model Hold 'M1_DDR2_clk[1]'
Slack : 0.829
TNS   : 0.000

Type  : Fast 900mV 0C Model Hold 'M1_DDR2_clk[0]'
Slack : 0.831
TNS   : 0.000

Type  : Fast 900mV 0C Model Hold 'M2_DDR2_clk[0]'
Slack : 0.831
TNS   : 0.000

Type  : Fast 900mV 0C Model Hold 'M2_DDR2_clk[1]'
Slack : 0.832
TNS   : 0.000

Type  : Fast 900mV 0C Model Hold 'SOPC_INST|m1_ddr2_memory|pll0|pll_write_clk'
Slack : 1.288
TNS   : 0.000

Type  : Fast 900mV 0C Model Hold 'SOPC_INST|m2_ddr2_memory|pll0|pll_write_clk'
Slack : 1.527
TNS   : 0.000

Type  : Fast 900mV 0C Model Recovery 'SOPC_INST|m1_ddr2_memory|pll0|pll_addr_cmd_clk'
Slack : 2.195
TNS   : 0.000

Type  : Fast 900mV 0C Model Recovery 'SOPC_INST|m2_ddr2_memory|pll0|pll_addr_cmd_clk'
Slack : 2.353
TNS   : 0.000

Type  : Fast 900mV 0C Model Recovery 'SOPC_INST|m1_ddr2_memory|pll0|pll_afi_clk'
Slack : 2.469
TNS   : 0.000

Type  : Fast 900mV 0C Model Recovery 'SOPC_INST|m2_ddr2_memory|pll0|pll_afi_clk'
Slack : 2.672
TNS   : 0.000

Type  : Fast 900mV 0C Model Recovery 'SOPC_INST|m2_ddr2_memory|pll0|pll_afi_half_clk'
Slack : 5.939
TNS   : 0.000

Type  : Fast 900mV 0C Model Recovery 'SOPC_INST|m2_ddr2_memory|pll0|pll_avl_clk'
Slack : 8.200
TNS   : 0.000

Type  : Fast 900mV 0C Model Recovery 'SOPC_INST|m1_ddr2_memory|pll0|pll_avl_clk'
Slack : 8.220
TNS   : 0.000

Type  : Fast 900mV 0C Model Recovery 'SOPC_INST|m1_ddr2_memory|pll0|pll_afi_half_clk'
Slack : 8.503
TNS   : 0.000

Type  : Fast 900mV 0C Model Recovery 'OSC_50_BANK4'
Slack : 15.399
TNS   : 0.000

Type  : Fast 900mV 0C Model Recovery 'SOPC_INST|m2_ddr2_memory|pll0|pll_config_clk'
Slack : 18.057
TNS   : 0.000

Type  : Fast 900mV 0C Model Recovery 'SOPC_INST|m1_ddr2_memory|pll0|pll_config_clk'
Slack : 18.512
TNS   : 0.000

Type  : Fast 900mV 0C Model Recovery 'altera_reserved_tck'
Slack : 49.500
TNS   : 0.000

Type  : Fast 900mV 0C Model Removal 'SOPC_INST|m2_ddr2_memory|pll0|pll_afi_clk'
Slack : 0.256
TNS   : 0.000

Type  : Fast 900mV 0C Model Removal 'SOPC_INST|m2_ddr2_memory|pll0|pll_afi_half_clk'
Slack : 0.256
TNS   : 0.000

Type  : Fast 900mV 0C Model Removal 'SOPC_INST|m1_ddr2_memory|pll0|pll_afi_half_clk'
Slack : 0.272
TNS   : 0.000

Type  : Fast 900mV 0C Model Removal 'SOPC_INST|m1_ddr2_memory|pll0|pll_afi_clk'
Slack : 0.349
TNS   : 0.000

Type  : Fast 900mV 0C Model Removal 'altera_reserved_tck'
Slack : 0.350
TNS   : 0.000

Type  : Fast 900mV 0C Model Removal 'OSC_50_BANK4'
Slack : 0.366
TNS   : 0.000

Type  : Fast 900mV 0C Model Removal 'SOPC_INST|m2_ddr2_memory|pll0|pll_avl_clk'
Slack : 0.372
TNS   : 0.000

Type  : Fast 900mV 0C Model Removal 'SOPC_INST|m2_ddr2_memory|pll0|pll_config_clk'
Slack : 0.384
TNS   : 0.000

Type  : Fast 900mV 0C Model Removal 'SOPC_INST|m1_ddr2_memory|pll0|pll_avl_clk'
Slack : 0.433
TNS   : 0.000

Type  : Fast 900mV 0C Model Removal 'SOPC_INST|m1_ddr2_memory|pll0|pll_config_clk'
Slack : 0.457
TNS   : 0.000

Type  : Fast 900mV 0C Model Removal 'SOPC_INST|m1_ddr2_memory|pll0|pll_addr_cmd_clk'
Slack : 0.593
TNS   : 0.000

Type  : Fast 900mV 0C Model Removal 'SOPC_INST|m2_ddr2_memory|pll0|pll_addr_cmd_clk'
Slack : 1.164
TNS   : 0.000

Type  : Fast 900mV 0C Model Minimum Pulse Width 'SOPC_INST|m1_ddr2_memory|pll0|pll_write_clk'
Slack : 0.506
TNS   : 0.000

Type  : Fast 900mV 0C Model Minimum Pulse Width 'SOPC_INST|m2_ddr2_memory|pll0|pll_write_clk'
Slack : 0.506
TNS   : 0.000

Type  : Fast 900mV 0C Model Minimum Pulse Width 'SOPC_INST|m2_ddr2_memory|MebX_Qsys_Project_m2_ddr2_memory_p0_leveling_clk'
Slack : 0.710
TNS   : 0.000

Type  : Fast 900mV 0C Model Minimum Pulse Width 'SOPC_INST|m1_ddr2_memory|MebX_Qsys_Project_m1_ddr2_memory_p0_leveling_clk'
Slack : 0.711
TNS   : 0.000

Type  : Fast 900mV 0C Model Minimum Pulse Width 'SOPC_INST|m1_ddr2_memory|pll0|pll_mem_clk'
Slack : 0.841
TNS   : 0.000

Type  : Fast 900mV 0C Model Minimum Pulse Width 'SOPC_INST|m2_ddr2_memory|pll0|pll_mem_clk'
Slack : 0.842
TNS   : 0.000

Type  : Fast 900mV 0C Model Minimum Pulse Width 'SOPC_INST|m1_ddr2_memory|pll0|pll_afi_clk'
Slack : 1.711
TNS   : 0.000

Type  : Fast 900mV 0C Model Minimum Pulse Width 'SOPC_INST|m2_ddr2_memory|pll0|pll_afi_clk'
Slack : 1.717
TNS   : 0.000

Type  : Fast 900mV 0C Model Minimum Pulse Width 'SOPC_INST|m1_ddr2_memory|pll0|pll_addr_cmd_clk'
Slack : 2.085
TNS   : 0.000

Type  : Fast 900mV 0C Model Minimum Pulse Width 'SOPC_INST|m2_ddr2_memory|pll0|pll_addr_cmd_clk'
Slack : 2.086
TNS   : 0.000

Type  : Fast 900mV 0C Model Minimum Pulse Width 'SOPC_INST|m1_ddr2_memory|pll0|pll_afi_half_clk'
Slack : 4.211
TNS   : 0.000

Type  : Fast 900mV 0C Model Minimum Pulse Width 'SOPC_INST|m2_ddr2_memory|pll0|pll_afi_half_clk'
Slack : 4.214
TNS   : 0.000

Type  : Fast 900mV 0C Model Minimum Pulse Width 'SOPC_INST|m2_ddr2_memory|pll0|pll_avl_clk'
Slack : 4.257
TNS   : 0.000

Type  : Fast 900mV 0C Model Minimum Pulse Width 'SOPC_INST|m1_ddr2_memory|pll0|pll_avl_clk'
Slack : 4.261
TNS   : 0.000

Type  : Fast 900mV 0C Model Minimum Pulse Width 'SOPC_INST|m1_ddr2_memory|pll0|pll_config_clk'
Slack : 6.667
TNS   : 0.000

Type  : Fast 900mV 0C Model Minimum Pulse Width 'SOPC_INST|m2_ddr2_memory|pll0|pll_config_clk'
Slack : 6.667
TNS   : 0.000

Type  : Fast 900mV 0C Model Minimum Pulse Width 'OSC_50_BANK4'
Slack : 9.109
TNS   : 0.000

Type  : Fast 900mV 0C Model Minimum Pulse Width 'OSC_50_BANK3'
Slack : 9.880
TNS   : 0.000

Type  : Fast 900mV 0C Model Minimum Pulse Width 'altera_reserved_tck'
Slack : 49.253
TNS   : 0.000

------------------------------------------------------------
Info: see the "DDR report" for DDR timing results
------------------------------------------------------------
------------------------------------------------------------
