------------------------------------------------------------
TimeQuest Timing Analyzer Summary
------------------------------------------------------------

Type  : Slow 900mV 85C Model Setup 'M1_DDR2_clk[0]'
Slack : 0.097
TNS   : 0.000

Type  : Slow 900mV 85C Model Setup 'M2_DDR2_clk[1]'
Slack : 0.107
TNS   : 0.000

Type  : Slow 900mV 85C Model Setup 'M1_DDR2_clk[1]'
Slack : 0.114
TNS   : 0.000

Type  : Slow 900mV 85C Model Setup 'M2_DDR2_clk[0]'
Slack : 0.126
TNS   : 0.000

Type  : Slow 900mV 85C Model Setup 'SOPC_INST|m2_ddr2_memory|pll0|pll_afi_clk'
Slack : 0.166
TNS   : 0.000

Type  : Slow 900mV 85C Model Setup 'SOPC_INST|m1_ddr2_memory|pll0|pll_afi_clk'
Slack : 0.266
TNS   : 0.000

Type  : Slow 900mV 85C Model Setup 'SOPC_INST|m2_ddr2_memory|pll0|pll_addr_cmd_clk'
Slack : 0.321
TNS   : 0.000

Type  : Slow 900mV 85C Model Setup 'SOPC_INST|m2_ddr2_memory|pll0|pll_write_clk'
Slack : 0.680
TNS   : 0.000

Type  : Slow 900mV 85C Model Setup 'SOPC_INST|m1_ddr2_memory|pll0|pll_write_clk'
Slack : 1.049
TNS   : 0.000

Type  : Slow 900mV 85C Model Setup 'SOPC_INST|m2_ddr2_memory|pll0|pll_afi_half_clk'
Slack : 1.081
TNS   : 0.000

Type  : Slow 900mV 85C Model Setup 'SOPC_INST|m1_ddr2_memory|pll0|pll_addr_cmd_clk'
Slack : 1.131
TNS   : 0.000

Type  : Slow 900mV 85C Model Setup 'SOPC_INST|m2_ddr2_memory|MebX_Qsys_Project_m2_ddr2_memory_p0_leveling_clk'
Slack : 1.341
TNS   : 0.000

Type  : Slow 900mV 85C Model Setup 'SOPC_INST|m2_ddr2_memory|pll0|pll_avl_clk'
Slack : 1.680
TNS   : 0.000

Type  : Slow 900mV 85C Model Setup 'SOPC_INST|m1_ddr2_memory|MebX_Qsys_Project_m1_ddr2_memory_p0_leveling_clk'
Slack : 1.710
TNS   : 0.000

Type  : Slow 900mV 85C Model Setup 'SOPC_INST|m1_ddr2_memory|pll0|pll_avl_clk'
Slack : 1.932
TNS   : 0.000

Type  : Slow 900mV 85C Model Setup 'SOPC_INST|tse_mac|i_tse_pcs_0|the_altera_tse_pma_lvds_rx|ALTLVDS_RX_component|auto_generated|pll|clk[0]'
Slack : 2.389
TNS   : 0.000

Type  : Slow 900mV 85C Model Setup 'SOPC_INST|tse_mac|i_tse_pcs_0|the_altera_tse_pma_lvds_rx|ALTLVDS_RX_component|auto_generated|rx[0]|clk0'
Slack : 2.760
TNS   : 0.000

Type  : Slow 900mV 85C Model Setup 'PLL_inst_125|altpll_component|auto_generated|pll1|clk[0]'
Slack : 2.917
TNS   : 0.000

Type  : Slow 900mV 85C Model Setup 'SOPC_INST|m1_ddr2_memory|pll0|pll_afi_half_clk'
Slack : 3.749
TNS   : 0.000

Type  : Slow 900mV 85C Model Setup 'SOPC_INST|m2_ddr2_memory|pll0|pll_config_clk'
Slack : 5.012
TNS   : 0.000

Type  : Slow 900mV 85C Model Setup 'SOPC_INST|m1_ddr2_memory|pll0|pll_config_clk'
Slack : 5.140
TNS   : 0.000

Type  : Slow 900mV 85C Model Setup 'OSC_50_BANK4'
Slack : 9.050
TNS   : 0.000

Type  : Slow 900mV 85C Model Setup 'altera_reserved_tck'
Slack : 47.656
TNS   : 0.000

Type  : Slow 900mV 85C Model Hold 'SOPC_INST|m1_ddr2_memory|MebX_Qsys_Project_m1_ddr2_memory_p0_leveling_clk'
Slack : 0.090
TNS   : 0.000

Type  : Slow 900mV 85C Model Hold 'SOPC_INST|tse_mac|i_tse_pcs_0|the_altera_tse_pma_lvds_rx|ALTLVDS_RX_component|auto_generated|rx[0]|clk0'
Slack : 0.183
TNS   : 0.000

Type  : Slow 900mV 85C Model Hold 'SOPC_INST|m2_ddr2_memory|pll0|pll_afi_clk'
Slack : 0.199
TNS   : 0.000

Type  : Slow 900mV 85C Model Hold 'SOPC_INST|m2_ddr2_memory|pll0|pll_afi_half_clk'
Slack : 0.212
TNS   : 0.000

Type  : Slow 900mV 85C Model Hold 'OSC_50_BANK4'
Slack : 0.216
TNS   : 0.000

Type  : Slow 900mV 85C Model Hold 'SOPC_INST|m1_ddr2_memory|pll0|pll_config_clk'
Slack : 0.228
TNS   : 0.000

Type  : Slow 900mV 85C Model Hold 'SOPC_INST|m1_ddr2_memory|pll0|pll_afi_clk'
Slack : 0.249
TNS   : 0.000

Type  : Slow 900mV 85C Model Hold 'SOPC_INST|m1_ddr2_memory|pll0|pll_addr_cmd_clk'
Slack : 0.260
TNS   : 0.000

Type  : Slow 900mV 85C Model Hold 'SOPC_INST|m1_ddr2_memory|pll0|pll_avl_clk'
Slack : 0.260
TNS   : 0.000

Type  : Slow 900mV 85C Model Hold 'PLL_inst_125|altpll_component|auto_generated|pll1|clk[0]'
Slack : 0.262
TNS   : 0.000

Type  : Slow 900mV 85C Model Hold 'SOPC_INST|m1_ddr2_memory|pll0|pll_afi_half_clk'
Slack : 0.265
TNS   : 0.000

Type  : Slow 900mV 85C Model Hold 'SOPC_INST|m2_ddr2_memory|pll0|pll_config_clk'
Slack : 0.271
TNS   : 0.000

Type  : Slow 900mV 85C Model Hold 'SOPC_INST|m2_ddr2_memory|pll0|pll_addr_cmd_clk'
Slack : 0.274
TNS   : 0.000

Type  : Slow 900mV 85C Model Hold 'SOPC_INST|m2_ddr2_memory|pll0|pll_avl_clk'
Slack : 0.285
TNS   : 0.000

Type  : Slow 900mV 85C Model Hold 'altera_reserved_tck'
Slack : 0.312
TNS   : 0.000

Type  : Slow 900mV 85C Model Hold 'SOPC_INST|m2_ddr2_memory|MebX_Qsys_Project_m2_ddr2_memory_p0_leveling_clk'
Slack : 0.452
TNS   : 0.000

Type  : Slow 900mV 85C Model Hold 'M1_DDR2_clk[1]'
Slack : 0.659
TNS   : 0.000

Type  : Slow 900mV 85C Model Hold 'M2_DDR2_clk[0]'
Slack : 0.663
TNS   : 0.000

Type  : Slow 900mV 85C Model Hold 'M1_DDR2_clk[0]'
Slack : 0.677
TNS   : 0.000

Type  : Slow 900mV 85C Model Hold 'M2_DDR2_clk[1]'
Slack : 0.684
TNS   : 0.000

Type  : Slow 900mV 85C Model Hold 'SOPC_INST|m1_ddr2_memory|pll0|pll_write_clk'
Slack : 1.074
TNS   : 0.000

Type  : Slow 900mV 85C Model Hold 'SOPC_INST|m2_ddr2_memory|pll0|pll_write_clk'
Slack : 1.435
TNS   : 0.000

Type  : Slow 900mV 85C Model Hold 'SOPC_INST|tse_mac|i_tse_pcs_0|the_altera_tse_pma_lvds_rx|ALTLVDS_RX_component|auto_generated|pll|clk[0]'
Slack : 5.002
TNS   : 0.000

Type  : Slow 900mV 85C Model Recovery 'SOPC_INST|m2_ddr2_memory|pll0|pll_afi_clk'
Slack : 0.670
TNS   : 0.000

Type  : Slow 900mV 85C Model Recovery 'SOPC_INST|m1_ddr2_memory|pll0|pll_afi_clk'
Slack : 0.805
TNS   : 0.000

Type  : Slow 900mV 85C Model Recovery 'SOPC_INST|m1_ddr2_memory|pll0|pll_addr_cmd_clk'
Slack : 1.037
TNS   : 0.000

Type  : Slow 900mV 85C Model Recovery 'SOPC_INST|m2_ddr2_memory|pll0|pll_addr_cmd_clk'
Slack : 1.754
TNS   : 0.000

Type  : Slow 900mV 85C Model Recovery 'SOPC_INST|m2_ddr2_memory|pll0|pll_afi_half_clk'
Slack : 3.307
TNS   : 0.000

Type  : Slow 900mV 85C Model Recovery 'SOPC_INST|tse_mac|i_tse_pcs_0|the_altera_tse_pma_lvds_rx|ALTLVDS_RX_component|auto_generated|rx[0]|clk0'
Slack : 4.051
TNS   : 0.000

Type  : Slow 900mV 85C Model Recovery 'SOPC_INST|m2_ddr2_memory|pll0|pll_avl_clk'
Slack : 4.714
TNS   : 0.000

Type  : Slow 900mV 85C Model Recovery 'PLL_inst_125|altpll_component|auto_generated|pll1|clk[0]'
Slack : 5.257
TNS   : 0.000

Type  : Slow 900mV 85C Model Recovery 'SOPC_INST|m1_ddr2_memory|pll0|pll_afi_half_clk'
Slack : 6.386
TNS   : 0.000

Type  : Slow 900mV 85C Model Recovery 'SOPC_INST|m1_ddr2_memory|pll0|pll_avl_clk'
Slack : 7.010
TNS   : 0.000

Type  : Slow 900mV 85C Model Recovery 'SOPC_INST|m2_ddr2_memory|pll0|pll_config_clk'
Slack : 14.701
TNS   : 0.000

Type  : Slow 900mV 85C Model Recovery 'OSC_50_BANK4'
Slack : 15.852
TNS   : 0.000

Type  : Slow 900mV 85C Model Recovery 'SOPC_INST|m1_ddr2_memory|pll0|pll_config_clk'
Slack : 16.633
TNS   : 0.000

Type  : Slow 900mV 85C Model Recovery 'altera_reserved_tck'
Slack : 47.876
TNS   : 0.000

Type  : Slow 900mV 85C Model Removal 'OSC_50_BANK4'
Slack : 0.391
TNS   : 0.000

Type  : Slow 900mV 85C Model Removal 'SOPC_INST|m2_ddr2_memory|pll0|pll_afi_half_clk'
Slack : 0.436
TNS   : 0.000

Type  : Slow 900mV 85C Model Removal 'SOPC_INST|tse_mac|i_tse_pcs_0|the_altera_tse_pma_lvds_rx|ALTLVDS_RX_component|auto_generated|rx[0]|clk0'
Slack : 0.439
TNS   : 0.000

Type  : Slow 900mV 85C Model Removal 'SOPC_INST|m2_ddr2_memory|pll0|pll_afi_clk'
Slack : 0.446
TNS   : 0.000

Type  : Slow 900mV 85C Model Removal 'SOPC_INST|m2_ddr2_memory|pll0|pll_config_clk'
Slack : 0.463
TNS   : 0.000

Type  : Slow 900mV 85C Model Removal 'PLL_inst_125|altpll_component|auto_generated|pll1|clk[0]'
Slack : 0.492
TNS   : 0.000

Type  : Slow 900mV 85C Model Removal 'SOPC_INST|m1_ddr2_memory|pll0|pll_afi_clk'
Slack : 0.546
TNS   : 0.000

Type  : Slow 900mV 85C Model Removal 'SOPC_INST|m2_ddr2_memory|pll0|pll_avl_clk'
Slack : 0.585
TNS   : 0.000

Type  : Slow 900mV 85C Model Removal 'altera_reserved_tck'
Slack : 0.591
TNS   : 0.000

Type  : Slow 900mV 85C Model Removal 'SOPC_INST|m1_ddr2_memory|pll0|pll_avl_clk'
Slack : 0.701
TNS   : 0.000

Type  : Slow 900mV 85C Model Removal 'SOPC_INST|m1_ddr2_memory|pll0|pll_config_clk'
Slack : 0.708
TNS   : 0.000

Type  : Slow 900mV 85C Model Removal 'SOPC_INST|m1_ddr2_memory|pll0|pll_afi_half_clk'
Slack : 1.209
TNS   : 0.000

Type  : Slow 900mV 85C Model Removal 'SOPC_INST|m1_ddr2_memory|pll0|pll_addr_cmd_clk'
Slack : 2.016
TNS   : 0.000

Type  : Slow 900mV 85C Model Removal 'SOPC_INST|m2_ddr2_memory|pll0|pll_addr_cmd_clk'
Slack : 2.030
TNS   : 0.000

Type  : Slow 900mV 85C Model Minimum Pulse Width 'SOPC_INST|tse_mac|i_tse_pcs_0|the_altera_tse_pma_lvds_rx|ALTLVDS_RX_component|auto_generated|pll|clk[0]'
Slack : 0.113
TNS   : 0.000

Type  : Slow 900mV 85C Model Minimum Pulse Width 'SOPC_INST|m1_ddr2_memory|pll0|pll_write_clk'
Slack : 0.503
TNS   : 0.000

Type  : Slow 900mV 85C Model Minimum Pulse Width 'SOPC_INST|m2_ddr2_memory|pll0|pll_write_clk'
Slack : 0.503
TNS   : 0.000

Type  : Slow 900mV 85C Model Minimum Pulse Width 'SOPC_INST|m2_ddr2_memory|MebX_Qsys_Project_m2_ddr2_memory_p0_leveling_clk'
Slack : 0.639
TNS   : 0.000

Type  : Slow 900mV 85C Model Minimum Pulse Width 'SOPC_INST|m1_ddr2_memory|MebX_Qsys_Project_m1_ddr2_memory_p0_leveling_clk'
Slack : 0.641
TNS   : 0.000

Type  : Slow 900mV 85C Model Minimum Pulse Width 'SOPC_INST|m2_ddr2_memory|pll0|pll_mem_clk'
Slack : 0.657
TNS   : 0.000

Type  : Slow 900mV 85C Model Minimum Pulse Width 'SOPC_INST|m1_ddr2_memory|pll0|pll_mem_clk'
Slack : 0.661
TNS   : 0.000

Type  : Slow 900mV 85C Model Minimum Pulse Width 'SOPC_INST|m1_ddr2_memory|pll0|pll_afi_clk'
Slack : 1.154
TNS   : 0.000

Type  : Slow 900mV 85C Model Minimum Pulse Width 'SOPC_INST|m2_ddr2_memory|pll0|pll_afi_clk'
Slack : 1.697
TNS   : 0.000

Type  : Slow 900mV 85C Model Minimum Pulse Width 'SOPC_INST|m2_ddr2_memory|pll0|pll_addr_cmd_clk'
Slack : 1.902
TNS   : 0.000

Type  : Slow 900mV 85C Model Minimum Pulse Width 'SOPC_INST|m1_ddr2_memory|pll0|pll_addr_cmd_clk'
Slack : 1.906
TNS   : 0.000

Type  : Slow 900mV 85C Model Minimum Pulse Width 'SOPC_INST|tse_mac|i_tse_pcs_0|the_altera_tse_pma_lvds_rx|ALTLVDS_RX_component|auto_generated|rx[0]|clk0'
Slack : 3.132
TNS   : 0.000

Type  : Slow 900mV 85C Model Minimum Pulse Width 'PLL_inst_125|altpll_component|auto_generated|pll1|clk[0]'
Slack : 3.214
TNS   : 0.000

Type  : Slow 900mV 85C Model Minimum Pulse Width 'SOPC_INST|m2_ddr2_memory|pll0|pll_afi_half_clk'
Slack : 4.197
TNS   : 0.000

Type  : Slow 900mV 85C Model Minimum Pulse Width 'SOPC_INST|m2_ddr2_memory|pll0|pll_avl_clk'
Slack : 4.206
TNS   : 0.000

Type  : Slow 900mV 85C Model Minimum Pulse Width 'SOPC_INST|m1_ddr2_memory|pll0|pll_avl_clk'
Slack : 4.241
TNS   : 0.000

Type  : Slow 900mV 85C Model Minimum Pulse Width 'SOPC_INST|m1_ddr2_memory|pll0|pll_afi_half_clk'
Slack : 4.273
TNS   : 0.000

Type  : Slow 900mV 85C Model Minimum Pulse Width 'SOPC_INST|m1_ddr2_memory|pll0|pll_config_clk'
Slack : 6.667
TNS   : 0.000

Type  : Slow 900mV 85C Model Minimum Pulse Width 'SOPC_INST|m2_ddr2_memory|pll0|pll_config_clk'
Slack : 6.667
TNS   : 0.000

Type  : Slow 900mV 85C Model Minimum Pulse Width 'OSC_50_BANK4'
Slack : 8.958
TNS   : 0.000

Type  : Slow 900mV 85C Model Minimum Pulse Width 'OSC_50_BANK3'
Slack : 9.740
TNS   : 0.000

Type  : Slow 900mV 85C Model Minimum Pulse Width 'OSC_BANK2'
Slack : 9.951
TNS   : 0.000

Type  : Slow 900mV 85C Model Minimum Pulse Width 'altera_reserved_tck'
Slack : 49.419
TNS   : 0.000

Type  : Slow 900mV 0C Model Setup 'M1_DDR2_clk[0]'
Slack : 0.090
TNS   : 0.000

Type  : Slow 900mV 0C Model Setup 'M2_DDR2_clk[1]'
Slack : 0.096
TNS   : 0.000

Type  : Slow 900mV 0C Model Setup 'M1_DDR2_clk[1]'
Slack : 0.105
TNS   : 0.000

Type  : Slow 900mV 0C Model Setup 'M2_DDR2_clk[0]'
Slack : 0.108
TNS   : 0.000

Type  : Slow 900mV 0C Model Setup 'SOPC_INST|m2_ddr2_memory|pll0|pll_afi_clk'
Slack : 0.424
TNS   : 0.000

Type  : Slow 900mV 0C Model Setup 'SOPC_INST|m1_ddr2_memory|pll0|pll_afi_clk'
Slack : 0.515
TNS   : 0.000

Type  : Slow 900mV 0C Model Setup 'SOPC_INST|m2_ddr2_memory|pll0|pll_addr_cmd_clk'
Slack : 0.545
TNS   : 0.000

Type  : Slow 900mV 0C Model Setup 'SOPC_INST|m2_ddr2_memory|pll0|pll_write_clk'
Slack : 0.697
TNS   : 0.000

Type  : Slow 900mV 0C Model Setup 'SOPC_INST|m1_ddr2_memory|pll0|pll_write_clk'
Slack : 1.032
TNS   : 0.000

Type  : Slow 900mV 0C Model Setup 'SOPC_INST|m1_ddr2_memory|pll0|pll_addr_cmd_clk'
Slack : 1.279
TNS   : 0.000

Type  : Slow 900mV 0C Model Setup 'SOPC_INST|m2_ddr2_memory|MebX_Qsys_Project_m2_ddr2_memory_p0_leveling_clk'
Slack : 1.358
TNS   : 0.000

Type  : Slow 900mV 0C Model Setup 'SOPC_INST|m2_ddr2_memory|pll0|pll_afi_half_clk'
Slack : 1.517
TNS   : 0.000

Type  : Slow 900mV 0C Model Setup 'SOPC_INST|m1_ddr2_memory|MebX_Qsys_Project_m1_ddr2_memory_p0_leveling_clk'
Slack : 1.693
TNS   : 0.000

Type  : Slow 900mV 0C Model Setup 'SOPC_INST|m2_ddr2_memory|pll0|pll_avl_clk'
Slack : 1.874
TNS   : 0.000

Type  : Slow 900mV 0C Model Setup 'SOPC_INST|m1_ddr2_memory|pll0|pll_avl_clk'
Slack : 2.086
TNS   : 0.000

Type  : Slow 900mV 0C Model Setup 'SOPC_INST|tse_mac|i_tse_pcs_0|the_altera_tse_pma_lvds_rx|ALTLVDS_RX_component|auto_generated|pll|clk[0]'
Slack : 2.573
TNS   : 0.000

Type  : Slow 900mV 0C Model Setup 'SOPC_INST|tse_mac|i_tse_pcs_0|the_altera_tse_pma_lvds_rx|ALTLVDS_RX_component|auto_generated|rx[0]|clk0'
Slack : 2.824
TNS   : 0.000

Type  : Slow 900mV 0C Model Setup 'PLL_inst_125|altpll_component|auto_generated|pll1|clk[0]'
Slack : 2.983
TNS   : 0.000

Type  : Slow 900mV 0C Model Setup 'SOPC_INST|m1_ddr2_memory|pll0|pll_afi_half_clk'
Slack : 4.051
TNS   : 0.000

Type  : Slow 900mV 0C Model Setup 'SOPC_INST|m2_ddr2_memory|pll0|pll_config_clk'
Slack : 5.279
TNS   : 0.000

Type  : Slow 900mV 0C Model Setup 'SOPC_INST|m1_ddr2_memory|pll0|pll_config_clk'
Slack : 5.372
TNS   : 0.000

Type  : Slow 900mV 0C Model Setup 'OSC_50_BANK4'
Slack : 9.664
TNS   : 0.000

Type  : Slow 900mV 0C Model Setup 'altera_reserved_tck'
Slack : 47.717
TNS   : 0.000

Type  : Slow 900mV 0C Model Hold 'SOPC_INST|m1_ddr2_memory|MebX_Qsys_Project_m1_ddr2_memory_p0_leveling_clk'
Slack : 0.138
TNS   : 0.000

Type  : Slow 900mV 0C Model Hold 'SOPC_INST|tse_mac|i_tse_pcs_0|the_altera_tse_pma_lvds_rx|ALTLVDS_RX_component|auto_generated|rx[0]|clk0'
Slack : 0.181
TNS   : 0.000

Type  : Slow 900mV 0C Model Hold 'SOPC_INST|m2_ddr2_memory|pll0|pll_afi_clk'
Slack : 0.186
TNS   : 0.000

Type  : Slow 900mV 0C Model Hold 'SOPC_INST|m2_ddr2_memory|pll0|pll_afi_half_clk'
Slack : 0.208
TNS   : 0.000

Type  : Slow 900mV 0C Model Hold 'OSC_50_BANK4'
Slack : 0.211
TNS   : 0.000

Type  : Slow 900mV 0C Model Hold 'SOPC_INST|m1_ddr2_memory|pll0|pll_config_clk'
Slack : 0.224
TNS   : 0.000

Type  : Slow 900mV 0C Model Hold 'SOPC_INST|m1_ddr2_memory|pll0|pll_afi_clk'
Slack : 0.236
TNS   : 0.000

Type  : Slow 900mV 0C Model Hold 'SOPC_INST|m1_ddr2_memory|pll0|pll_addr_cmd_clk'
Slack : 0.250
TNS   : 0.000

Type  : Slow 900mV 0C Model Hold 'SOPC_INST|m1_ddr2_memory|pll0|pll_avl_clk'
Slack : 0.250
TNS   : 0.000

Type  : Slow 900mV 0C Model Hold 'PLL_inst_125|altpll_component|auto_generated|pll1|clk[0]'
Slack : 0.254
TNS   : 0.000

Type  : Slow 900mV 0C Model Hold 'SOPC_INST|m2_ddr2_memory|pll0|pll_config_clk'
Slack : 0.263
TNS   : 0.000

Type  : Slow 900mV 0C Model Hold 'SOPC_INST|m1_ddr2_memory|pll0|pll_afi_half_clk'
Slack : 0.264
TNS   : 0.000

Type  : Slow 900mV 0C Model Hold 'SOPC_INST|m2_ddr2_memory|pll0|pll_addr_cmd_clk'
Slack : 0.264
TNS   : 0.000

Type  : Slow 900mV 0C Model Hold 'SOPC_INST|m2_ddr2_memory|pll0|pll_avl_clk'
Slack : 0.275
TNS   : 0.000

Type  : Slow 900mV 0C Model Hold 'altera_reserved_tck'
Slack : 0.305
TNS   : 0.000

Type  : Slow 900mV 0C Model Hold 'SOPC_INST|m2_ddr2_memory|MebX_Qsys_Project_m2_ddr2_memory_p0_leveling_clk'
Slack : 0.467
TNS   : 0.000

Type  : Slow 900mV 0C Model Hold 'M1_DDR2_clk[1]'
Slack : 0.709
TNS   : 0.000

Type  : Slow 900mV 0C Model Hold 'M2_DDR2_clk[0]'
Slack : 0.718
TNS   : 0.000

Type  : Slow 900mV 0C Model Hold 'M1_DDR2_clk[0]'
Slack : 0.725
TNS   : 0.000

Type  : Slow 900mV 0C Model Hold 'M2_DDR2_clk[1]'
Slack : 0.731
TNS   : 0.000

Type  : Slow 900mV 0C Model Hold 'SOPC_INST|m1_ddr2_memory|pll0|pll_write_clk'
Slack : 1.115
TNS   : 0.000

Type  : Slow 900mV 0C Model Hold 'SOPC_INST|m2_ddr2_memory|pll0|pll_write_clk'
Slack : 1.444
TNS   : 0.000

Type  : Slow 900mV 0C Model Hold 'SOPC_INST|tse_mac|i_tse_pcs_0|the_altera_tse_pma_lvds_rx|ALTLVDS_RX_component|auto_generated|pll|clk[0]'
Slack : 4.839
TNS   : 0.000

Type  : Slow 900mV 0C Model Recovery 'SOPC_INST|m2_ddr2_memory|pll0|pll_afi_clk'
Slack : 0.942
TNS   : 0.000

Type  : Slow 900mV 0C Model Recovery 'SOPC_INST|m1_ddr2_memory|pll0|pll_afi_clk'
Slack : 1.066
TNS   : 0.000

Type  : Slow 900mV 0C Model Recovery 'SOPC_INST|m1_ddr2_memory|pll0|pll_addr_cmd_clk'
Slack : 1.186
TNS   : 0.000

Type  : Slow 900mV 0C Model Recovery 'SOPC_INST|m2_ddr2_memory|pll0|pll_addr_cmd_clk'
Slack : 1.874
TNS   : 0.000

Type  : Slow 900mV 0C Model Recovery 'SOPC_INST|m2_ddr2_memory|pll0|pll_afi_half_clk'
Slack : 3.770
TNS   : 0.000

Type  : Slow 900mV 0C Model Recovery 'SOPC_INST|tse_mac|i_tse_pcs_0|the_altera_tse_pma_lvds_rx|ALTLVDS_RX_component|auto_generated|rx[0]|clk0'
Slack : 4.273
TNS   : 0.000

Type  : Slow 900mV 0C Model Recovery 'SOPC_INST|m2_ddr2_memory|pll0|pll_avl_clk'
Slack : 5.038
TNS   : 0.000

Type  : Slow 900mV 0C Model Recovery 'PLL_inst_125|altpll_component|auto_generated|pll1|clk[0]'
Slack : 5.442
TNS   : 0.000

Type  : Slow 900mV 0C Model Recovery 'SOPC_INST|m1_ddr2_memory|pll0|pll_afi_half_clk'
Slack : 6.547
TNS   : 0.000

Type  : Slow 900mV 0C Model Recovery 'SOPC_INST|m1_ddr2_memory|pll0|pll_avl_clk'
Slack : 7.174
TNS   : 0.000

Type  : Slow 900mV 0C Model Recovery 'SOPC_INST|m2_ddr2_memory|pll0|pll_config_clk'
Slack : 15.028
TNS   : 0.000

Type  : Slow 900mV 0C Model Recovery 'OSC_50_BANK4'
Slack : 16.147
TNS   : 0.000

Type  : Slow 900mV 0C Model Recovery 'SOPC_INST|m1_ddr2_memory|pll0|pll_config_clk'
Slack : 16.814
TNS   : 0.000

Type  : Slow 900mV 0C Model Recovery 'altera_reserved_tck'
Slack : 47.928
TNS   : 0.000

Type  : Slow 900mV 0C Model Removal 'OSC_50_BANK4'
Slack : 0.369
TNS   : 0.000

Type  : Slow 900mV 0C Model Removal 'SOPC_INST|m2_ddr2_memory|pll0|pll_afi_half_clk'
Slack : 0.423
TNS   : 0.000

Type  : Slow 900mV 0C Model Removal 'SOPC_INST|tse_mac|i_tse_pcs_0|the_altera_tse_pma_lvds_rx|ALTLVDS_RX_component|auto_generated|rx[0]|clk0'
Slack : 0.425
TNS   : 0.000

Type  : Slow 900mV 0C Model Removal 'SOPC_INST|m2_ddr2_memory|pll0|pll_afi_clk'
Slack : 0.433
TNS   : 0.000

Type  : Slow 900mV 0C Model Removal 'SOPC_INST|m2_ddr2_memory|pll0|pll_config_clk'
Slack : 0.443
TNS   : 0.000

Type  : Slow 900mV 0C Model Removal 'PLL_inst_125|altpll_component|auto_generated|pll1|clk[0]'
Slack : 0.475
TNS   : 0.000

Type  : Slow 900mV 0C Model Removal 'SOPC_INST|m1_ddr2_memory|pll0|pll_afi_clk'
Slack : 0.522
TNS   : 0.000

Type  : Slow 900mV 0C Model Removal 'SOPC_INST|m2_ddr2_memory|pll0|pll_avl_clk'
Slack : 0.558
TNS   : 0.000

Type  : Slow 900mV 0C Model Removal 'altera_reserved_tck'
Slack : 0.560
TNS   : 0.000

Type  : Slow 900mV 0C Model Removal 'SOPC_INST|m1_ddr2_memory|pll0|pll_avl_clk'
Slack : 0.672
TNS   : 0.000

Type  : Slow 900mV 0C Model Removal 'SOPC_INST|m1_ddr2_memory|pll0|pll_config_clk'
Slack : 0.678
TNS   : 0.000

Type  : Slow 900mV 0C Model Removal 'SOPC_INST|m1_ddr2_memory|pll0|pll_afi_half_clk'
Slack : 1.138
TNS   : 0.000

Type  : Slow 900mV 0C Model Removal 'SOPC_INST|m2_ddr2_memory|pll0|pll_addr_cmd_clk'
Slack : 1.898
TNS   : 0.000

Type  : Slow 900mV 0C Model Removal 'SOPC_INST|m1_ddr2_memory|pll0|pll_addr_cmd_clk'
Slack : 1.900
TNS   : 0.000

Type  : Slow 900mV 0C Model Minimum Pulse Width 'SOPC_INST|tse_mac|i_tse_pcs_0|the_altera_tse_pma_lvds_rx|ALTLVDS_RX_component|auto_generated|pll|clk[0]'
Slack : 0.115
TNS   : 0.000

Type  : Slow 900mV 0C Model Minimum Pulse Width 'SOPC_INST|m1_ddr2_memory|pll0|pll_write_clk'
Slack : 0.510
TNS   : 0.000

Type  : Slow 900mV 0C Model Minimum Pulse Width 'SOPC_INST|m2_ddr2_memory|pll0|pll_write_clk'
Slack : 0.510
TNS   : 0.000

Type  : Slow 900mV 0C Model Minimum Pulse Width 'SOPC_INST|m2_ddr2_memory|MebX_Qsys_Project_m2_ddr2_memory_p0_leveling_clk'
Slack : 0.661
TNS   : 0.000

Type  : Slow 900mV 0C Model Minimum Pulse Width 'SOPC_INST|m1_ddr2_memory|MebX_Qsys_Project_m1_ddr2_memory_p0_leveling_clk'
Slack : 0.662
TNS   : 0.000

Type  : Slow 900mV 0C Model Minimum Pulse Width 'SOPC_INST|m2_ddr2_memory|pll0|pll_mem_clk'
Slack : 0.679
TNS   : 0.000

Type  : Slow 900mV 0C Model Minimum Pulse Width 'SOPC_INST|m1_ddr2_memory|pll0|pll_mem_clk'
Slack : 0.680
TNS   : 0.000

Type  : Slow 900mV 0C Model Minimum Pulse Width 'SOPC_INST|m1_ddr2_memory|pll0|pll_afi_clk'
Slack : 1.154
TNS   : 0.000

Type  : Slow 900mV 0C Model Minimum Pulse Width 'SOPC_INST|m2_ddr2_memory|pll0|pll_afi_clk'
Slack : 1.714
TNS   : 0.000

Type  : Slow 900mV 0C Model Minimum Pulse Width 'SOPC_INST|m2_ddr2_memory|pll0|pll_addr_cmd_clk'
Slack : 1.923
TNS   : 0.000

Type  : Slow 900mV 0C Model Minimum Pulse Width 'SOPC_INST|m1_ddr2_memory|pll0|pll_addr_cmd_clk'
Slack : 1.924
TNS   : 0.000

Type  : Slow 900mV 0C Model Minimum Pulse Width 'SOPC_INST|tse_mac|i_tse_pcs_0|the_altera_tse_pma_lvds_rx|ALTLVDS_RX_component|auto_generated|rx[0]|clk0'
Slack : 3.144
TNS   : 0.000

Type  : Slow 900mV 0C Model Minimum Pulse Width 'PLL_inst_125|altpll_component|auto_generated|pll1|clk[0]'
Slack : 3.220
TNS   : 0.000

Type  : Slow 900mV 0C Model Minimum Pulse Width 'SOPC_INST|m2_ddr2_memory|pll0|pll_afi_half_clk'
Slack : 4.213
TNS   : 0.000

Type  : Slow 900mV 0C Model Minimum Pulse Width 'SOPC_INST|m2_ddr2_memory|pll0|pll_avl_clk'
Slack : 4.223
TNS   : 0.000

Type  : Slow 900mV 0C Model Minimum Pulse Width 'SOPC_INST|m1_ddr2_memory|pll0|pll_avl_clk'
Slack : 4.226
TNS   : 0.000

Type  : Slow 900mV 0C Model Minimum Pulse Width 'SOPC_INST|m1_ddr2_memory|pll0|pll_afi_half_clk'
Slack : 4.289
TNS   : 0.000

Type  : Slow 900mV 0C Model Minimum Pulse Width 'SOPC_INST|m1_ddr2_memory|pll0|pll_config_clk'
Slack : 6.667
TNS   : 0.000

Type  : Slow 900mV 0C Model Minimum Pulse Width 'SOPC_INST|m2_ddr2_memory|pll0|pll_config_clk'
Slack : 6.667
TNS   : 0.000

Type  : Slow 900mV 0C Model Minimum Pulse Width 'OSC_50_BANK4'
Slack : 8.964
TNS   : 0.000

Type  : Slow 900mV 0C Model Minimum Pulse Width 'OSC_50_BANK3'
Slack : 9.746
TNS   : 0.000

Type  : Slow 900mV 0C Model Minimum Pulse Width 'OSC_BANK2'
Slack : 9.962
TNS   : 0.000

Type  : Slow 900mV 0C Model Minimum Pulse Width 'altera_reserved_tck'
Slack : 49.367
TNS   : 0.000

Type  : Fast 900mV 0C Model Setup 'M1_DDR2_clk[0]'
Slack : 0.065
TNS   : 0.000

Type  : Fast 900mV 0C Model Setup 'M1_DDR2_clk[1]'
Slack : 0.065
TNS   : 0.000

Type  : Fast 900mV 0C Model Setup 'M2_DDR2_clk[1]'
Slack : 0.072
TNS   : 0.000

Type  : Fast 900mV 0C Model Setup 'M2_DDR2_clk[0]'
Slack : 0.073
TNS   : 0.000

Type  : Fast 900mV 0C Model Setup 'SOPC_INST|m2_ddr2_memory|pll0|pll_write_clk'
Slack : 0.679
TNS   : 0.000

Type  : Fast 900mV 0C Model Setup 'SOPC_INST|m1_ddr2_memory|pll0|pll_write_clk'
Slack : 0.908
TNS   : 0.000

Type  : Fast 900mV 0C Model Setup 'SOPC_INST|m2_ddr2_memory|MebX_Qsys_Project_m2_ddr2_memory_p0_leveling_clk'
Slack : 1.326
TNS   : 0.000

Type  : Fast 900mV 0C Model Setup 'SOPC_INST|m2_ddr2_memory|pll0|pll_afi_clk'
Slack : 1.549
TNS   : 0.000

Type  : Fast 900mV 0C Model Setup 'SOPC_INST|m1_ddr2_memory|MebX_Qsys_Project_m1_ddr2_memory_p0_leveling_clk'
Slack : 1.555
TNS   : 0.000

Type  : Fast 900mV 0C Model Setup 'SOPC_INST|m1_ddr2_memory|pll0|pll_afi_clk'
Slack : 1.564
TNS   : 0.000

Type  : Fast 900mV 0C Model Setup 'SOPC_INST|m2_ddr2_memory|pll0|pll_addr_cmd_clk'
Slack : 1.636
TNS   : 0.000

Type  : Fast 900mV 0C Model Setup 'SOPC_INST|m1_ddr2_memory|pll0|pll_addr_cmd_clk'
Slack : 2.196
TNS   : 0.000

Type  : Fast 900mV 0C Model Setup 'SOPC_INST|m2_ddr2_memory|pll0|pll_afi_half_clk'
Slack : 2.917
TNS   : 0.000

Type  : Fast 900mV 0C Model Setup 'SOPC_INST|m2_ddr2_memory|pll0|pll_avl_clk'
Slack : 3.048
TNS   : 0.000

Type  : Fast 900mV 0C Model Setup 'SOPC_INST|m1_ddr2_memory|pll0|pll_avl_clk'
Slack : 3.228
TNS   : 0.000

Type  : Fast 900mV 0C Model Setup 'SOPC_INST|tse_mac|i_tse_pcs_0|the_altera_tse_pma_lvds_rx|ALTLVDS_RX_component|auto_generated|rx[0]|clk0'
Slack : 3.241
TNS   : 0.000

Type  : Fast 900mV 0C Model Setup 'PLL_inst_125|altpll_component|auto_generated|pll1|clk[0]'
Slack : 3.356
TNS   : 0.000

Type  : Fast 900mV 0C Model Setup 'SOPC_INST|tse_mac|i_tse_pcs_0|the_altera_tse_pma_lvds_rx|ALTLVDS_RX_component|auto_generated|pll|clk[0]'
Slack : 4.002
TNS   : 0.000

Type  : Fast 900mV 0C Model Setup 'SOPC_INST|m1_ddr2_memory|pll0|pll_afi_half_clk'
Slack : 6.147
TNS   : 0.000

Type  : Fast 900mV 0C Model Setup 'SOPC_INST|m2_ddr2_memory|pll0|pll_config_clk'
Slack : 7.071
TNS   : 0.000

Type  : Fast 900mV 0C Model Setup 'SOPC_INST|m1_ddr2_memory|pll0|pll_config_clk'
Slack : 7.245
TNS   : 0.000

Type  : Fast 900mV 0C Model Setup 'OSC_50_BANK4'
Slack : 13.476
TNS   : 0.000

Type  : Fast 900mV 0C Model Setup 'altera_reserved_tck'
Slack : 48.940
TNS   : 0.000

Type  : Fast 900mV 0C Model Hold 'SOPC_INST|tse_mac|i_tse_pcs_0|the_altera_tse_pma_lvds_rx|ALTLVDS_RX_component|auto_generated|rx[0]|clk0'
Slack : 0.100
TNS   : 0.000

Type  : Fast 900mV 0C Model Hold 'SOPC_INST|m1_ddr2_memory|pll0|pll_config_clk'
Slack : 0.105
TNS   : 0.000

Type  : Fast 900mV 0C Model Hold 'OSC_50_BANK4'
Slack : 0.109
TNS   : 0.000

Type  : Fast 900mV 0C Model Hold 'SOPC_INST|m2_ddr2_memory|pll0|pll_afi_half_clk'
Slack : 0.109
TNS   : 0.000

Type  : Fast 900mV 0C Model Hold 'SOPC_INST|m2_ddr2_memory|pll0|pll_afi_clk'
Slack : 0.130
TNS   : 0.000

Type  : Fast 900mV 0C Model Hold 'SOPC_INST|m1_ddr2_memory|pll0|pll_addr_cmd_clk'
Slack : 0.143
TNS   : 0.000

Type  : Fast 900mV 0C Model Hold 'SOPC_INST|m1_ddr2_memory|pll0|pll_avl_clk'
Slack : 0.143
TNS   : 0.000

Type  : Fast 900mV 0C Model Hold 'PLL_inst_125|altpll_component|auto_generated|pll1|clk[0]'
Slack : 0.144
TNS   : 0.000

Type  : Fast 900mV 0C Model Hold 'SOPC_INST|m1_ddr2_memory|pll0|pll_afi_clk'
Slack : 0.144
TNS   : 0.000

Type  : Fast 900mV 0C Model Hold 'SOPC_INST|m2_ddr2_memory|pll0|pll_config_clk'
Slack : 0.149
TNS   : 0.000

Type  : Fast 900mV 0C Model Hold 'SOPC_INST|m2_ddr2_memory|pll0|pll_addr_cmd_clk'
Slack : 0.152
TNS   : 0.000

Type  : Fast 900mV 0C Model Hold 'SOPC_INST|m1_ddr2_memory|pll0|pll_afi_half_clk'
Slack : 0.153
TNS   : 0.000

Type  : Fast 900mV 0C Model Hold 'SOPC_INST|m2_ddr2_memory|pll0|pll_avl_clk'
Slack : 0.157
TNS   : 0.000

Type  : Fast 900mV 0C Model Hold 'altera_reserved_tck'
Slack : 0.166
TNS   : 0.000

Type  : Fast 900mV 0C Model Hold 'SOPC_INST|m1_ddr2_memory|MebX_Qsys_Project_m1_ddr2_memory_p0_leveling_clk'
Slack : 0.493
TNS   : 0.000

Type  : Fast 900mV 0C Model Hold 'SOPC_INST|m2_ddr2_memory|MebX_Qsys_Project_m2_ddr2_memory_p0_leveling_clk'
Slack : 0.713
TNS   : 0.000

Type  : Fast 900mV 0C Model Hold 'M1_DDR2_clk[1]'
Slack : 0.867
TNS   : 0.000

Type  : Fast 900mV 0C Model Hold 'M1_DDR2_clk[0]'
Slack : 0.869
TNS   : 0.000

Type  : Fast 900mV 0C Model Hold 'M2_DDR2_clk[0]'
Slack : 0.874
TNS   : 0.000

Type  : Fast 900mV 0C Model Hold 'M2_DDR2_clk[1]'
Slack : 0.877
TNS   : 0.000

Type  : Fast 900mV 0C Model Hold 'SOPC_INST|m1_ddr2_memory|pll0|pll_write_clk'
Slack : 1.340
TNS   : 0.000

Type  : Fast 900mV 0C Model Hold 'SOPC_INST|m2_ddr2_memory|pll0|pll_write_clk'
Slack : 1.557
TNS   : 0.000

Type  : Fast 900mV 0C Model Hold 'SOPC_INST|tse_mac|i_tse_pcs_0|the_altera_tse_pma_lvds_rx|ALTLVDS_RX_component|auto_generated|pll|clk[0]'
Slack : 3.594
TNS   : 0.000

Type  : Fast 900mV 0C Model Recovery 'SOPC_INST|m1_ddr2_memory|pll0|pll_addr_cmd_clk'
Slack : 2.099
TNS   : 0.000

Type  : Fast 900mV 0C Model Recovery 'SOPC_INST|m2_ddr2_memory|pll0|pll_afi_clk'
Slack : 2.308
TNS   : 0.000

Type  : Fast 900mV 0C Model Recovery 'SOPC_INST|m1_ddr2_memory|pll0|pll_afi_clk'
Slack : 2.451
TNS   : 0.000

Type  : Fast 900mV 0C Model Recovery 'SOPC_INST|m2_ddr2_memory|pll0|pll_addr_cmd_clk'
Slack : 2.698
TNS   : 0.000

Type  : Fast 900mV 0C Model Recovery 'SOPC_INST|tse_mac|i_tse_pcs_0|the_altera_tse_pma_lvds_rx|ALTLVDS_RX_component|auto_generated|rx[0]|clk0'
Slack : 5.558
TNS   : 0.000

Type  : Fast 900mV 0C Model Recovery 'SOPC_INST|m2_ddr2_memory|pll0|pll_afi_half_clk'
Slack : 5.768
TNS   : 0.000

Type  : Fast 900mV 0C Model Recovery 'PLL_inst_125|altpll_component|auto_generated|pll1|clk[0]'
Slack : 6.295
TNS   : 0.000

Type  : Fast 900mV 0C Model Recovery 'SOPC_INST|m2_ddr2_memory|pll0|pll_avl_clk'
Slack : 6.687
TNS   : 0.000

Type  : Fast 900mV 0C Model Recovery 'SOPC_INST|m1_ddr2_memory|pll0|pll_afi_half_clk'
Slack : 7.761
TNS   : 0.000

Type  : Fast 900mV 0C Model Recovery 'SOPC_INST|m1_ddr2_memory|pll0|pll_avl_clk'
Slack : 8.189
TNS   : 0.000

Type  : Fast 900mV 0C Model Recovery 'SOPC_INST|m2_ddr2_memory|pll0|pll_config_clk'
Slack : 16.679
TNS   : 0.000

Type  : Fast 900mV 0C Model Recovery 'OSC_50_BANK4'
Slack : 17.437
TNS   : 0.000

Type  : Fast 900mV 0C Model Recovery 'SOPC_INST|m1_ddr2_memory|pll0|pll_config_clk'
Slack : 17.946
TNS   : 0.000

Type  : Fast 900mV 0C Model Recovery 'altera_reserved_tck'
Slack : 49.106
TNS   : 0.000

Type  : Fast 900mV 0C Model Removal 'OSC_50_BANK4'
Slack : 0.239
TNS   : 0.000

Type  : Fast 900mV 0C Model Removal 'SOPC_INST|m2_ddr2_memory|pll0|pll_afi_half_clk'
Slack : 0.255
TNS   : 0.000

Type  : Fast 900mV 0C Model Removal 'SOPC_INST|tse_mac|i_tse_pcs_0|the_altera_tse_pma_lvds_rx|ALTLVDS_RX_component|auto_generated|rx[0]|clk0'
Slack : 0.255
TNS   : 0.000

Type  : Fast 900mV 0C Model Removal 'SOPC_INST|m2_ddr2_memory|pll0|pll_afi_clk'
Slack : 0.260
TNS   : 0.000

Type  : Fast 900mV 0C Model Removal 'SOPC_INST|m2_ddr2_memory|pll0|pll_config_clk'
Slack : 0.271
TNS   : 0.000

Type  : Fast 900mV 0C Model Removal 'PLL_inst_125|altpll_component|auto_generated|pll1|clk[0]'
Slack : 0.288
TNS   : 0.000

Type  : Fast 900mV 0C Model Removal 'SOPC_INST|m1_ddr2_memory|pll0|pll_afi_clk'
Slack : 0.303
TNS   : 0.000

Type  : Fast 900mV 0C Model Removal 'altera_reserved_tck'
Slack : 0.314
TNS   : 0.000

Type  : Fast 900mV 0C Model Removal 'SOPC_INST|m2_ddr2_memory|pll0|pll_avl_clk'
Slack : 0.352
TNS   : 0.000

Type  : Fast 900mV 0C Model Removal 'SOPC_INST|m1_ddr2_memory|pll0|pll_avl_clk'
Slack : 0.424
TNS   : 0.000

Type  : Fast 900mV 0C Model Removal 'SOPC_INST|m1_ddr2_memory|pll0|pll_config_clk'
Slack : 0.430
TNS   : 0.000

Type  : Fast 900mV 0C Model Removal 'SOPC_INST|m1_ddr2_memory|pll0|pll_afi_half_clk'
Slack : 0.758
TNS   : 0.000

Type  : Fast 900mV 0C Model Removal 'SOPC_INST|m1_ddr2_memory|pll0|pll_addr_cmd_clk'
Slack : 1.226
TNS   : 0.000

Type  : Fast 900mV 0C Model Removal 'SOPC_INST|m2_ddr2_memory|pll0|pll_addr_cmd_clk'
Slack : 1.413
TNS   : 0.000

Type  : Fast 900mV 0C Model Minimum Pulse Width 'SOPC_INST|tse_mac|i_tse_pcs_0|the_altera_tse_pma_lvds_rx|ALTLVDS_RX_component|auto_generated|pll|clk[0]'
Slack : 0.168
TNS   : 0.000

Type  : Fast 900mV 0C Model Minimum Pulse Width 'SOPC_INST|m1_ddr2_memory|pll0|pll_write_clk'
Slack : 0.505
TNS   : 0.000

Type  : Fast 900mV 0C Model Minimum Pulse Width 'SOPC_INST|m2_ddr2_memory|pll0|pll_write_clk'
Slack : 0.505
TNS   : 0.000

Type  : Fast 900mV 0C Model Minimum Pulse Width 'SOPC_INST|m2_ddr2_memory|MebX_Qsys_Project_m2_ddr2_memory_p0_leveling_clk'
Slack : 0.703
TNS   : 0.000

Type  : Fast 900mV 0C Model Minimum Pulse Width 'SOPC_INST|m1_ddr2_memory|MebX_Qsys_Project_m1_ddr2_memory_p0_leveling_clk'
Slack : 0.704
TNS   : 0.000

Type  : Fast 900mV 0C Model Minimum Pulse Width 'SOPC_INST|m2_ddr2_memory|pll0|pll_mem_clk'
Slack : 0.835
TNS   : 0.000

Type  : Fast 900mV 0C Model Minimum Pulse Width 'SOPC_INST|m1_ddr2_memory|pll0|pll_mem_clk'
Slack : 0.836
TNS   : 0.000

Type  : Fast 900mV 0C Model Minimum Pulse Width 'SOPC_INST|m1_ddr2_memory|pll0|pll_afi_clk'
Slack : 1.154
TNS   : 0.000

Type  : Fast 900mV 0C Model Minimum Pulse Width 'SOPC_INST|m2_ddr2_memory|pll0|pll_afi_clk'
Slack : 1.701
TNS   : 0.000

Type  : Fast 900mV 0C Model Minimum Pulse Width 'SOPC_INST|m2_ddr2_memory|pll0|pll_addr_cmd_clk'
Slack : 2.080
TNS   : 0.000

Type  : Fast 900mV 0C Model Minimum Pulse Width 'SOPC_INST|m1_ddr2_memory|pll0|pll_addr_cmd_clk'
Slack : 2.081
TNS   : 0.000

Type  : Fast 900mV 0C Model Minimum Pulse Width 'SOPC_INST|tse_mac|i_tse_pcs_0|the_altera_tse_pma_lvds_rx|ALTLVDS_RX_component|auto_generated|rx[0]|clk0'
Slack : 3.192
TNS   : 0.000

Type  : Fast 900mV 0C Model Minimum Pulse Width 'PLL_inst_125|altpll_component|auto_generated|pll1|clk[0]'
Slack : 3.213
TNS   : 0.000

Type  : Fast 900mV 0C Model Minimum Pulse Width 'SOPC_INST|m2_ddr2_memory|pll0|pll_afi_half_clk'
Slack : 4.201
TNS   : 0.000

Type  : Fast 900mV 0C Model Minimum Pulse Width 'SOPC_INST|m2_ddr2_memory|pll0|pll_avl_clk'
Slack : 4.207
TNS   : 0.000

Type  : Fast 900mV 0C Model Minimum Pulse Width 'SOPC_INST|m1_ddr2_memory|pll0|pll_avl_clk'
Slack : 4.254
TNS   : 0.000

Type  : Fast 900mV 0C Model Minimum Pulse Width 'SOPC_INST|m1_ddr2_memory|pll0|pll_afi_half_clk'
Slack : 4.271
TNS   : 0.000

Type  : Fast 900mV 0C Model Minimum Pulse Width 'SOPC_INST|m1_ddr2_memory|pll0|pll_config_clk'
Slack : 6.667
TNS   : 0.000

Type  : Fast 900mV 0C Model Minimum Pulse Width 'SOPC_INST|m2_ddr2_memory|pll0|pll_config_clk'
Slack : 6.667
TNS   : 0.000

Type  : Fast 900mV 0C Model Minimum Pulse Width 'OSC_50_BANK4'
Slack : 9.101
TNS   : 0.000

Type  : Fast 900mV 0C Model Minimum Pulse Width 'OSC_BANK2'
Slack : 9.693
TNS   : 0.000

Type  : Fast 900mV 0C Model Minimum Pulse Width 'OSC_50_BANK3'
Slack : 9.878
TNS   : 0.000

Type  : Fast 900mV 0C Model Minimum Pulse Width 'altera_reserved_tck'
Slack : 49.273
TNS   : 0.000

------------------------------------------------------------
Info: see the "DDR report" for DDR timing results
------------------------------------------------------------
------------------------------------------------------------
